<testsuites id="" name="" tests="172" failures="46" skipped="0" errors="0" time="308.86344099999997">
<testsuite name="api-integration.spec.ts" timestamp="2025-07-09T06:01:38.950Z" hostname="Mobile Chrome" tests="11" failures="3" skipped="0" time="124.877" errors="0">
<testcase name="API Integration Tests › Barcode API › should handle successful barcode lookup" classname="api-integration.spec.ts" time="16.05">
<failure message="api-integration.spec.ts:21:9 should handle successful barcode lookup" type="FAILURE">
<![CDATA[  [Mobile Chrome] › api-integration.spec.ts:21:9 › API Integration Tests › Barcode API › should handle successful barcode lookup 

    TimeoutError: page.waitForSelector: Timeout 10000ms exceeded.
    Call log:
      - waiting for locator('[data-testid="food-confirm-dialog"]') to be visible


       at utils/test-helpers.ts:379

      377 |    */
      378 |   async waitForDialog(selector: string) {
    > 379 |     await this.page.waitForSelector(selector, { state: 'visible', timeout: 10000 });
          |                     ^
      380 |   }
      381 |
      382 |   /**
        at TestHelpers.waitForDialog (/Users/marcovhv/projects/GIT/caloriecounter/tests/e2e/utils/test-helpers.ts:379:21)
        at /Users/marcovhv/projects/GIT/caloriecounter/tests/e2e/api-integration.spec.ts:57:21

    attachment #1: screenshot (image/png) ──────────────────────────────────────────────────────────
    test-results/api-integration-API-Integr-418ce-e-successful-barcode-lookup-Mobile-Chrome/test-failed-1.png
    ────────────────────────────────────────────────────────────────────────────────────────────────

    attachment #2: video (video/webm) ──────────────────────────────────────────────────────────────
    test-results/api-integration-API-Integr-418ce-e-successful-barcode-lookup-Mobile-Chrome/video.webm
    ────────────────────────────────────────────────────────────────────────────────────────────────

    Error Context: ../../test-results/api-integration-API-Integr-418ce-e-successful-barcode-lookup-Mobile-Chrome/error-context.md
]]>
</failure>
<system-out>
<![CDATA[
[[ATTACHMENT|api-integration-API-Integr-418ce-e-successful-barcode-lookup-Mobile-Chrome/test-failed-1.png]]

[[ATTACHMENT|api-integration-API-Integr-418ce-e-successful-barcode-lookup-Mobile-Chrome/video.webm]]

[[ATTACHMENT|api-integration-API-Integr-418ce-e-successful-barcode-lookup-Mobile-Chrome/error-context.md]]
]]>
</system-out>
</testcase>
<testcase name="API Integration Tests › Barcode API › should handle barcode API error responses" classname="api-integration.spec.ts" time="9.247">
</testcase>
<testcase name="API Integration Tests › Barcode API › should handle barcode API network errors" classname="api-integration.spec.ts" time="7.615">
</testcase>
<testcase name="API Integration Tests › Barcode API › should handle barcode API timeout" classname="api-integration.spec.ts" time="10.04">
</testcase>
<testcase name="API Integration Tests › Parse Food API › should handle successful food parsing" classname="api-integration.spec.ts" time="6.752">
</testcase>
<testcase name="API Integration Tests › Parse Food API › should handle parse food API error responses" classname="api-integration.spec.ts" time="30.794">
<failure message="api-integration.spec.ts:192:9 should handle parse food API error responses" type="FAILURE">
<![CDATA[  [Mobile Chrome] › api-integration.spec.ts:192:9 › API Integration Tests › Parse Food API › should handle parse food API error responses 

    Test timeout of 30000ms exceeded.

    Error: page.click: Test timeout of 30000ms exceeded.
    Call log:
      - waiting for locator('[data-testid="text-submit-button"]')
        - locator resolved to <button disabled type="submit" data-testid="text-submit-button" class="flex-1 bg-purple-500/20 hover:bg-purple-500/30 disabled:bg-white/5 disabled:text-white/40 border border-purple-400/30 hover:border-purple-400/50 disabled:border-white/10 text-purple-300 hover:text-purple-200 py-3 px-4 rounded-2xl font-medium transition-all duration-200 backdrop-blur-sm hover:scale-105 active:scale-95 disabled:scale-100">Parse Food</button>
      - attempting click action
        2 × waiting for element to be visible, enabled and stable
          - element is not enabled
        - retrying click action
        - waiting 20ms
        2 × waiting for element to be visible, enabled and stable
          - element is not enabled
        - retrying click action
          - waiting 100ms
        43 × waiting for element to be visible, enabled and stable
           - element is not enabled
         - retrying click action
           - waiting 500ms


      209 |       await page.click('[data-testid="text-button"]');
      210 |       await page.fill('[data-testid="text-input-field"]', '');
    > 211 |       await page.click('[data-testid="text-submit-button"]');
          |                  ^
      212 |       
      213 |       // Should show error message
      214 |       await expect(page.locator('[data-testid="error-message"]')).toBeVisible();
        at /Users/marcovhv/projects/GIT/caloriecounter/tests/e2e/api-integration.spec.ts:211:18

    attachment #1: screenshot (image/png) ──────────────────────────────────────────────────────────
    test-results/api-integration-API-Integr-b351a-se-food-API-error-responses-Mobile-Chrome/test-failed-1.png
    ────────────────────────────────────────────────────────────────────────────────────────────────

    attachment #2: video (video/webm) ──────────────────────────────────────────────────────────────
    test-results/api-integration-API-Integr-b351a-se-food-API-error-responses-Mobile-Chrome/video.webm
    ────────────────────────────────────────────────────────────────────────────────────────────────

    Error Context: ../../test-results/api-integration-API-Integr-b351a-se-food-API-error-responses-Mobile-Chrome/error-context.md
]]>
</failure>
<system-out>
<![CDATA[
[[ATTACHMENT|api-integration-API-Integr-b351a-se-food-API-error-responses-Mobile-Chrome/test-failed-1.png]]

[[ATTACHMENT|api-integration-API-Integr-b351a-se-food-API-error-responses-Mobile-Chrome/video.webm]]

[[ATTACHMENT|api-integration-API-Integr-b351a-se-food-API-error-responses-Mobile-Chrome/error-context.md]]
]]>
</system-out>
</testcase>
<testcase name="API Integration Tests › Parse Food API › should handle parse food API with different units preferences" classname="api-integration.spec.ts" time="17.262">
</testcase>
<testcase name="API Integration Tests › Parse Food API › should handle parse food API network errors" classname="api-integration.spec.ts" time="7.527">
</testcase>
<testcase name="API Integration Tests › API Error Handling › should handle failed requests" classname="api-integration.spec.ts" time="3.309">
</testcase>
<testcase name="API Integration Tests › API Error Handling › should handle malformed API responses" classname="api-integration.spec.ts" time="3.289">
</testcase>
<testcase name="API Integration Tests › API Error Handling › should handle offline state gracefully" classname="api-integration.spec.ts" time="12.992">
<failure message="api-integration.spec.ts:324:9 should handle offline state gracefully" type="FAILURE">
<![CDATA[  [Mobile Chrome] › api-integration.spec.ts:324:9 › API Integration Tests › API Error Handling › should handle offline state gracefully 

    Error: Timed out 10000ms waiting for expect(locator).toBeVisible()

    Locator: locator('[data-testid="error-message"]')
    Expected: visible
    Received: <element(s) not found>
    Call log:
      - Expect "toBeVisible" with timeout 10000ms
      - waiting for locator('[data-testid="error-message"]')


      335 |       
      336 |       // Should show offline error (network errors show as "Failed to fetch")
    > 337 |       await expect(page.locator('[data-testid="error-message"]')).toBeVisible();
          |                                                                   ^
      338 |       await expect(page.locator('[data-testid="error-message"]')).toContainText(/failed to fetch|network|offline/i);
      339 |       
      340 |       // Go back online
        at /Users/marcovhv/projects/GIT/caloriecounter/tests/e2e/api-integration.spec.ts:337:67

    attachment #1: screenshot (image/png) ──────────────────────────────────────────────────────────
    test-results/api-integration-API-Integr-e3f45-le-offline-state-gracefully-Mobile-Chrome/test-failed-1.png
    ────────────────────────────────────────────────────────────────────────────────────────────────

    attachment #2: video (video/webm) ──────────────────────────────────────────────────────────────
    test-results/api-integration-API-Integr-e3f45-le-offline-state-gracefully-Mobile-Chrome/video.webm
    ────────────────────────────────────────────────────────────────────────────────────────────────

    Error Context: ../../test-results/api-integration-API-Integr-e3f45-le-offline-state-gracefully-Mobile-Chrome/error-context.md
]]>
</failure>
<system-out>
<![CDATA[
[[ATTACHMENT|api-integration-API-Integr-e3f45-le-offline-state-gracefully-Mobile-Chrome/test-failed-1.png]]

[[ATTACHMENT|api-integration-API-Integr-e3f45-le-offline-state-gracefully-Mobile-Chrome/video.webm]]

[[ATTACHMENT|api-integration-API-Integr-e3f45-le-offline-state-gracefully-Mobile-Chrome/error-context.md]]
]]>
</system-out>
</testcase>
</testsuite>
<testsuite name="basic-app.spec.ts" timestamp="2025-07-09T06:01:38.950Z" hostname="Mobile Chrome" tests="5" failures="0" skipped="0" time="8.618" errors="0">
<testcase name="Basic App Tests › should load the main page" classname="basic-app.spec.ts" time="1.836">
</testcase>
<testcase name="Basic App Tests › should have no console errors on load" classname="basic-app.spec.ts" time="1.711">
</testcase>
<testcase name="Basic App Tests › should be responsive" classname="basic-app.spec.ts" time="2.481">
</testcase>
<testcase name="Basic App Tests › should handle navigation" classname="basic-app.spec.ts" time="1.194">
</testcase>
<testcase name="Basic App Tests › should have proper meta tags" classname="basic-app.spec.ts" time="1.396">
</testcase>
</testsuite>
<testsuite name="core-app.spec.ts" timestamp="2025-07-09T06:01:38.950Z" hostname="Mobile Chrome" tests="10" failures="0" skipped="0" time="29.673" errors="0">
<testcase name="Core App Functionality › should load the main page successfully" classname="core-app.spec.ts" time="1.074">
</testcase>
<testcase name="Core App Functionality › should display the tabbed totals card with correct tabs" classname="core-app.spec.ts" time="0.959">
</testcase>
<testcase name="Core App Functionality › should switch between macro tabs correctly" classname="core-app.spec.ts" time="2.667">
</testcase>
<testcase name="Core App Functionality › should display the Add FAB with all input options" classname="core-app.spec.ts" time="2.662">
</testcase>
<testcase name="Core App Functionality › should display empty entry list initially" classname="core-app.spec.ts" time="1.919">
</testcase>
<testcase name="Core App Functionality › should display entries when data is present" classname="core-app.spec.ts" time="5.254">
</testcase>
<testcase name="Core App Functionality › should navigate to history page" classname="core-app.spec.ts" time="4.778">
</testcase>
<testcase name="Core App Functionality › should navigate to settings page" classname="core-app.spec.ts" time="4.204">
</testcase>
<testcase name="Core App Functionality › should handle app loading states gracefully" classname="core-app.spec.ts" time="4.059">
</testcase>
<testcase name="Core App Functionality › should display PWA install banner when appropriate" classname="core-app.spec.ts" time="2.097">
</testcase>
</testsuite>
<testsuite name="data-persistence.spec.ts" timestamp="2025-07-09T06:01:38.950Z" hostname="Mobile Chrome" tests="15" failures="8" skipped="0" time="219.599" errors="0">
<testcase name="Data Persistence Tests › IndexedDB Operations › should initialize IndexedDB on app load" classname="data-persistence.spec.ts" time="1.851">
</testcase>
<testcase name="Data Persistence Tests › IndexedDB Operations › should create entries object store" classname="data-persistence.spec.ts" time="1.7">
</testcase>
<testcase name="Data Persistence Tests › IndexedDB Operations › should persist data across page reloads" classname="data-persistence.spec.ts" time="4.341">
</testcase>
<testcase name="Data Persistence Tests › IndexedDB Operations › should handle IndexedDB errors gracefully" classname="data-persistence.spec.ts" time="1.243">
</testcase>
<testcase name="Data Persistence Tests › Entry CRUD Operations › should create new entries" classname="data-persistence.spec.ts" time="4.135">
</testcase>
<testcase name="Data Persistence Tests › Entry CRUD Operations › should read existing entries" classname="data-persistence.spec.ts" time="30.801">
<failure message="data-persistence.spec.ts:109:9 should read existing entries" type="FAILURE">
<![CDATA[  [Mobile Chrome] › data-persistence.spec.ts:109:9 › Data Persistence Tests › Entry CRUD Operations › should read existing entries 

    Test timeout of 30000ms exceeded.

    Error: locator.click: Test timeout of 30000ms exceeded.
    Call log:
      - waiting for locator('[data-testid="text-button"]')


       at utils/test-helpers.ts:90

      88 |
      89 |       // Click the text input button
    > 90 |       await this.page.locator('[data-testid="text-button"]').click();
         |                                                              ^
      91 |
      92 |       // Wait for the text input dialog
      93 |       await this.page.waitForSelector('[data-testid="text-input-dialog"]');
        at TestHelpers.setupMockData (/Users/marcovhv/projects/GIT/caloriecounter/tests/e2e/utils/test-helpers.ts:90:62)
        at /Users/marcovhv/projects/GIT/caloriecounter/tests/e2e/data-persistence.spec.ts:111:7

    attachment #1: screenshot (image/png) ──────────────────────────────────────────────────────────
    test-results/data-persistence-Data-Pers-aa1ff-hould-read-existing-entries-Mobile-Chrome/test-failed-1.png
    ────────────────────────────────────────────────────────────────────────────────────────────────

    attachment #2: video (video/webm) ──────────────────────────────────────────────────────────────
    test-results/data-persistence-Data-Pers-aa1ff-hould-read-existing-entries-Mobile-Chrome/video.webm
    ────────────────────────────────────────────────────────────────────────────────────────────────
]]>
</failure>
<system-out>
<![CDATA[
[[ATTACHMENT|data-persistence-Data-Pers-aa1ff-hould-read-existing-entries-Mobile-Chrome/test-failed-1.png]]

[[ATTACHMENT|data-persistence-Data-Pers-aa1ff-hould-read-existing-entries-Mobile-Chrome/video.webm]]
]]>
</system-out>
</testcase>
<testcase name="Data Persistence Tests › Entry CRUD Operations › should update existing entries" classname="data-persistence.spec.ts" time="30.84">
<failure message="data-persistence.spec.ts:124:9 should update existing entries" type="FAILURE">
<![CDATA[  [Mobile Chrome] › data-persistence.spec.ts:124:9 › Data Persistence Tests › Entry CRUD Operations › should update existing entries 

    Test timeout of 30000ms exceeded.

    Error: locator.click: Test timeout of 30000ms exceeded.
    Call log:
      - waiting for locator('[data-testid="text-button"]')


       at utils/test-helpers.ts:90

      88 |
      89 |       // Click the text input button
    > 90 |       await this.page.locator('[data-testid="text-button"]').click();
         |                                                              ^
      91 |
      92 |       // Wait for the text input dialog
      93 |       await this.page.waitForSelector('[data-testid="text-input-dialog"]');
        at TestHelpers.setupMockData (/Users/marcovhv/projects/GIT/caloriecounter/tests/e2e/utils/test-helpers.ts:90:62)
        at /Users/marcovhv/projects/GIT/caloriecounter/tests/e2e/data-persistence.spec.ts:126:7

    attachment #1: screenshot (image/png) ──────────────────────────────────────────────────────────
    test-results/data-persistence-Data-Pers-ac413-uld-update-existing-entries-Mobile-Chrome/test-failed-1.png
    ────────────────────────────────────────────────────────────────────────────────────────────────

    attachment #2: video (video/webm) ──────────────────────────────────────────────────────────────
    test-results/data-persistence-Data-Pers-ac413-uld-update-existing-entries-Mobile-Chrome/video.webm
    ────────────────────────────────────────────────────────────────────────────────────────────────
]]>
</failure>
<system-out>
<![CDATA[
[[ATTACHMENT|data-persistence-Data-Pers-ac413-uld-update-existing-entries-Mobile-Chrome/test-failed-1.png]]

[[ATTACHMENT|data-persistence-Data-Pers-ac413-uld-update-existing-entries-Mobile-Chrome/video.webm]]
]]>
</system-out>
</testcase>
<testcase name="Data Persistence Tests › Entry CRUD Operations › should delete entries" classname="data-persistence.spec.ts" time="30.792">
<failure message="data-persistence.spec.ts:144:9 should delete entries" type="FAILURE">
<![CDATA[  [Mobile Chrome] › data-persistence.spec.ts:144:9 › Data Persistence Tests › Entry CRUD Operations › should delete entries 

    Test timeout of 30000ms exceeded.

    Error: locator.click: Test timeout of 30000ms exceeded.
    Call log:
      - waiting for locator('[data-testid="text-button"]')


       at utils/test-helpers.ts:90

      88 |
      89 |       // Click the text input button
    > 90 |       await this.page.locator('[data-testid="text-button"]').click();
         |                                                              ^
      91 |
      92 |       // Wait for the text input dialog
      93 |       await this.page.waitForSelector('[data-testid="text-input-dialog"]');
        at TestHelpers.setupMockData (/Users/marcovhv/projects/GIT/caloriecounter/tests/e2e/utils/test-helpers.ts:90:62)
        at /Users/marcovhv/projects/GIT/caloriecounter/tests/e2e/data-persistence.spec.ts:146:7

    attachment #1: screenshot (image/png) ──────────────────────────────────────────────────────────
    test-results/data-persistence-Data-Pers-6328b-tions-should-delete-entries-Mobile-Chrome/test-failed-1.png
    ────────────────────────────────────────────────────────────────────────────────────────────────

    attachment #2: video (video/webm) ──────────────────────────────────────────────────────────────
    test-results/data-persistence-Data-Pers-6328b-tions-should-delete-entries-Mobile-Chrome/video.webm
    ────────────────────────────────────────────────────────────────────────────────────────────────
]]>
</failure>
<system-out>
<![CDATA[
[[ATTACHMENT|data-persistence-Data-Pers-6328b-tions-should-delete-entries-Mobile-Chrome/test-failed-1.png]]

[[ATTACHMENT|data-persistence-Data-Pers-6328b-tions-should-delete-entries-Mobile-Chrome/video.webm]]
]]>
</system-out>
</testcase>
<testcase name="Data Persistence Tests › Entry CRUD Operations › should handle concurrent entry operations" classname="data-persistence.spec.ts" time="8.872">
</testcase>
<testcase name="Data Persistence Tests › Data Consistency › should maintain correct totals when entries change" classname="data-persistence.spec.ts" time="4.173">
<failure message="data-persistence.spec.ts:192:9 should maintain correct totals when entries change" type="FAILURE">
<![CDATA[  [Mobile Chrome] › data-persistence.spec.ts:192:9 › Data Persistence Tests › Data Consistency › should maintain correct totals when entries change 

    Error: expect(received).not.toBe(expected) // Object.is equality

    Expected: not "0"

      206 |       // Total should update
      207 |       const newTotal = await page.locator('[data-testid="macro-total"]').textContent();
    > 208 |       expect(newTotal).not.toBe('0');
          |                            ^
      209 |     });
      210 |
      211 |     test('should handle date changes correctly', async ({ page }) => {
        at /Users/marcovhv/projects/GIT/caloriecounter/tests/e2e/data-persistence.spec.ts:208:28

    attachment #1: screenshot (image/png) ──────────────────────────────────────────────────────────
    test-results/data-persistence-Data-Pers-73b6f--totals-when-entries-change-Mobile-Chrome/test-failed-1.png
    ────────────────────────────────────────────────────────────────────────────────────────────────

    attachment #2: video (video/webm) ──────────────────────────────────────────────────────────────
    test-results/data-persistence-Data-Pers-73b6f--totals-when-entries-change-Mobile-Chrome/video.webm
    ────────────────────────────────────────────────────────────────────────────────────────────────

    Error Context: ../../test-results/data-persistence-Data-Pers-73b6f--totals-when-entries-change-Mobile-Chrome/error-context.md
]]>
</failure>
<system-out>
<![CDATA[
[[ATTACHMENT|data-persistence-Data-Pers-73b6f--totals-when-entries-change-Mobile-Chrome/test-failed-1.png]]

[[ATTACHMENT|data-persistence-Data-Pers-73b6f--totals-when-entries-change-Mobile-Chrome/video.webm]]

[[ATTACHMENT|data-persistence-Data-Pers-73b6f--totals-when-entries-change-Mobile-Chrome/error-context.md]]
]]>
</system-out>
</testcase>
<testcase name="Data Persistence Tests › Data Consistency › should handle date changes correctly" classname="data-persistence.spec.ts" time="30.822">
<failure message="data-persistence.spec.ts:211:9 should handle date changes correctly" type="FAILURE">
<![CDATA[  [Mobile Chrome] › data-persistence.spec.ts:211:9 › Data Persistence Tests › Data Consistency › should handle date changes correctly 

    Test timeout of 30000ms exceeded.

    Error: locator.click: Test timeout of 30000ms exceeded.
    Call log:
      - waiting for locator('[data-testid="text-button"]')


       at utils/test-helpers.ts:90

      88 |
      89 |       // Click the text input button
    > 90 |       await this.page.locator('[data-testid="text-button"]').click();
         |                                                              ^
      91 |
      92 |       // Wait for the text input dialog
      93 |       await this.page.waitForSelector('[data-testid="text-input-dialog"]');
        at TestHelpers.setupMockData (/Users/marcovhv/projects/GIT/caloriecounter/tests/e2e/utils/test-helpers.ts:90:62)
        at /Users/marcovhv/projects/GIT/caloriecounter/tests/e2e/data-persistence.spec.ts:213:7

    attachment #1: screenshot (image/png) ──────────────────────────────────────────────────────────
    test-results/data-persistence-Data-Pers-93721-ndle-date-changes-correctly-Mobile-Chrome/test-failed-1.png
    ────────────────────────────────────────────────────────────────────────────────────────────────

    attachment #2: video (video/webm) ──────────────────────────────────────────────────────────────
    test-results/data-persistence-Data-Pers-93721-ndle-date-changes-correctly-Mobile-Chrome/video.webm
    ────────────────────────────────────────────────────────────────────────────────────────────────
]]>
</failure>
<system-out>
<![CDATA[
[[ATTACHMENT|data-persistence-Data-Pers-93721-ndle-date-changes-correctly-Mobile-Chrome/test-failed-1.png]]

[[ATTACHMENT|data-persistence-Data-Pers-93721-ndle-date-changes-correctly-Mobile-Chrome/video.webm]]
]]>
</system-out>
</testcase>
<testcase name="Data Persistence Tests › Data Consistency › should sync data across multiple tabs" classname="data-persistence.spec.ts" time="4.495">
</testcase>
<testcase name="Data Persistence Tests › Data Consistency › should handle storage quota exceeded" classname="data-persistence.spec.ts" time="13.781">
<failure message="data-persistence.spec.ts:269:9 should handle storage quota exceeded" type="FAILURE">
<![CDATA[  [Mobile Chrome] › data-persistence.spec.ts:269:9 › Data Persistence Tests › Data Consistency › should handle storage quota exceeded 

    Error: Timed out 10000ms waiting for expect(locator).toBeVisible()

    Locator: locator('[data-testid="storage-error"]')
    Expected: visible
    Received: <element(s) not found>
    Call log:
      - Expect "toBeVisible" with timeout 10000ms
      - waiting for locator('[data-testid="storage-error"]')


      294 |       
      295 |       // Should show storage error
    > 296 |       await expect(page.locator('[data-testid="storage-error"]')).toBeVisible();
          |                                                                   ^
      297 |     });
      298 |   });
      299 |
        at /Users/marcovhv/projects/GIT/caloriecounter/tests/e2e/data-persistence.spec.ts:296:67

    attachment #1: screenshot (image/png) ──────────────────────────────────────────────────────────
    test-results/data-persistence-Data-Pers-d49cf-ndle-storage-quota-exceeded-Mobile-Chrome/test-failed-1.png
    ────────────────────────────────────────────────────────────────────────────────────────────────

    attachment #2: video (video/webm) ──────────────────────────────────────────────────────────────
    test-results/data-persistence-Data-Pers-d49cf-ndle-storage-quota-exceeded-Mobile-Chrome/video.webm
    ────────────────────────────────────────────────────────────────────────────────────────────────

    Error Context: ../../test-results/data-persistence-Data-Pers-d49cf-ndle-storage-quota-exceeded-Mobile-Chrome/error-context.md
]]>
</failure>
<system-out>
<![CDATA[
[[ATTACHMENT|data-persistence-Data-Pers-d49cf-ndle-storage-quota-exceeded-Mobile-Chrome/test-failed-1.png]]

[[ATTACHMENT|data-persistence-Data-Pers-d49cf-ndle-storage-quota-exceeded-Mobile-Chrome/video.webm]]

[[ATTACHMENT|data-persistence-Data-Pers-d49cf-ndle-storage-quota-exceeded-Mobile-Chrome/error-context.md]]
]]>
</system-out>
</testcase>
<testcase name="Data Persistence Tests › Settings Persistence › should persist settings changes" classname="data-persistence.spec.ts" time="30.624">
<failure message="data-persistence.spec.ts:301:9 should persist settings changes" type="FAILURE">
<![CDATA[  [Mobile Chrome] › data-persistence.spec.ts:301:9 › Data Persistence Tests › Settings Persistence › should persist settings changes 

    Test timeout of 30000ms exceeded.

    Error: expect(locator).toHaveValue(expected)

    Locator: locator('[data-testid="daily-target-input"]')
    Expected string: "2200"
    Received string: "2000"
    Call log:
      - Expect "toHaveValue" with timeout 10000ms
      - waiting for locator('[data-testid="daily-target-input"]')
        13 × locator resolved to <input min="1000" max="5000" value="2000" type="number" placeholder="2000" data-testid="daily-target-input" class="w-full px-4 py-3 border border-white/20 rounded-2xl focus:outline-none focus:ring-2 focus:ring-blue-400 focus:border-blue-400 text-white bg-white/10 placeholder-white/50 backdrop-blur-sm transition-all"/>
           - unexpected value "2000"


      312 |       
      313 |       // Settings should be persisted
    > 314 |       await expect(page.locator('[data-testid="daily-target-input"]')).toHaveValue('2200');
          |                                                                        ^
      315 |       const imperialRadio = page.locator('[data-testid="units-select"] input[value="imperial"]');
      316 |       await expect(imperialRadio).toBeChecked();
      317 |     });
        at /Users/marcovhv/projects/GIT/caloriecounter/tests/e2e/data-persistence.spec.ts:314:72

    attachment #1: screenshot (image/png) ──────────────────────────────────────────────────────────
    test-results/data-persistence-Data-Pers-67c7f-ld-persist-settings-changes-Mobile-Chrome/test-failed-1.png
    ────────────────────────────────────────────────────────────────────────────────────────────────

    attachment #2: video (video/webm) ──────────────────────────────────────────────────────────────
    test-results/data-persistence-Data-Pers-67c7f-ld-persist-settings-changes-Mobile-Chrome/video.webm
    ────────────────────────────────────────────────────────────────────────────────────────────────

    Error Context: ../../test-results/data-persistence-Data-Pers-67c7f-ld-persist-settings-changes-Mobile-Chrome/error-context.md
]]>
</failure>
<system-out>
<![CDATA[
[[ATTACHMENT|data-persistence-Data-Pers-67c7f-ld-persist-settings-changes-Mobile-Chrome/test-failed-1.png]]

[[ATTACHMENT|data-persistence-Data-Pers-67c7f-ld-persist-settings-changes-Mobile-Chrome/video.webm]]

[[ATTACHMENT|data-persistence-Data-Pers-67c7f-ld-persist-settings-changes-Mobile-Chrome/error-context.md]]
]]>
</system-out>
</testcase>
<testcase name="Data Persistence Tests › Settings Persistence › should handle localStorage errors" classname="data-persistence.spec.ts" time="21.129">
<failure message="data-persistence.spec.ts:319:9 should handle localStorage errors" type="FAILURE">
<![CDATA[  [Mobile Chrome] › data-persistence.spec.ts:319:9 › Data Persistence Tests › Settings Persistence › should handle localStorage errors 

    Error: Timed out 10000ms waiting for expect(locator).toBeVisible()

    Locator: locator('[data-testid="storage-error"]')
    Expected: visible
    Received: <element(s) not found>
    Call log:
      - Expect "toBeVisible" with timeout 10000ms
      - waiting for locator('[data-testid="storage-error"]')


      333 |       
      334 |       // Should show error message
    > 335 |       await expect(page.locator('[data-testid="storage-error"]')).toBeVisible();
          |                                                                   ^
      336 |     });
      337 |   });
      338 | });
        at /Users/marcovhv/projects/GIT/caloriecounter/tests/e2e/data-persistence.spec.ts:335:67

    attachment #1: screenshot (image/png) ──────────────────────────────────────────────────────────
    test-results/data-persistence-Data-Pers-5d6b0--handle-localStorage-errors-Mobile-Chrome/test-failed-1.png
    ────────────────────────────────────────────────────────────────────────────────────────────────

    attachment #2: video (video/webm) ──────────────────────────────────────────────────────────────
    test-results/data-persistence-Data-Pers-5d6b0--handle-localStorage-errors-Mobile-Chrome/video.webm
    ────────────────────────────────────────────────────────────────────────────────────────────────

    Error Context: ../../test-results/data-persistence-Data-Pers-5d6b0--handle-localStorage-errors-Mobile-Chrome/error-context.md
]]>
</failure>
<system-out>
<![CDATA[
[[ATTACHMENT|data-persistence-Data-Pers-5d6b0--handle-localStorage-errors-Mobile-Chrome/test-failed-1.png]]

[[ATTACHMENT|data-persistence-Data-Pers-5d6b0--handle-localStorage-errors-Mobile-Chrome/video.webm]]

[[ATTACHMENT|data-persistence-Data-Pers-5d6b0--handle-localStorage-errors-Mobile-Chrome/error-context.md]]
]]>
</system-out>
</testcase>
</testsuite>
<testsuite name="food-entry.spec.ts" timestamp="2025-07-09T06:01:38.950Z" hostname="Mobile Chrome" tests="15" failures="0" skipped="0" time="25.274" errors="0">
<testcase name="Food Entry Functionality › Text Input › should open text input dialog when text button is clicked" classname="food-entry.spec.ts" time="1.739">
</testcase>
<testcase name="Food Entry Functionality › Text Input › should process text input and show confirmation dialog" classname="food-entry.spec.ts" time="3.508">
</testcase>
<testcase name="Food Entry Functionality › Text Input › should confirm and add entry from text input" classname="food-entry.spec.ts" time="1.645">
</testcase>
<testcase name="Food Entry Functionality › Text Input › should cancel text input confirmation" classname="food-entry.spec.ts" time="1.713">
</testcase>
<testcase name="Food Entry Functionality › Text Input › should close text input dialog with close button" classname="food-entry.spec.ts" time="1.125">
</testcase>
<testcase name="Food Entry Functionality › Voice Input › should open voice input dialog when voice button is clicked" classname="food-entry.spec.ts" time="1.402">
</testcase>
<testcase name="Food Entry Functionality › Voice Input › should show processing state during voice processing" classname="food-entry.spec.ts" time="1.32">
</testcase>
<testcase name="Food Entry Functionality › Voice Input › should close voice input with cancel button" classname="food-entry.spec.ts" time="1.419">
</testcase>
<testcase name="Food Entry Functionality › Barcode Scanning › should open barcode scanner when scan button is clicked" classname="food-entry.spec.ts" time="1.411">
</testcase>
<testcase name="Food Entry Functionality › Barcode Scanning › should handle invalid barcode gracefully" classname="food-entry.spec.ts" time="1.631">
</testcase>
<testcase name="Food Entry Functionality › Barcode Scanning › should close barcode scanner" classname="food-entry.spec.ts" time="1.487">
</testcase>
<testcase name="Food Entry Functionality › Food Confirmation Dialog › should allow editing food details before confirmation" classname="food-entry.spec.ts" time="1.609">
</testcase>
<testcase name="Food Entry Functionality › Food Confirmation Dialog › should show loading state during confirmation" classname="food-entry.spec.ts" time="1.444">
</testcase>
<testcase name="Food Entry Functionality › Entry Management › should display newly added entries in the list" classname="food-entry.spec.ts" time="2.281">
</testcase>
<testcase name="Food Entry Functionality › Entry Management › should update totals when entries are added" classname="food-entry.spec.ts" time="1.54">
</testcase>
</testsuite>
<testsuite name="history.spec.ts" timestamp="2025-07-09T06:01:38.950Z" hostname="Mobile Chrome" tests="17" failures="6" skipped="0" time="338.967" errors="0">
<testcase name="History Page Functionality › should load history page successfully" classname="history.spec.ts" time="11.226">
</testcase>
<testcase name="History Page Functionality › should display date range selector with default selection" classname="history.spec.ts" time="11.508">
</testcase>
<testcase name="History Page Functionality › should switch between date ranges" classname="history.spec.ts" time="13.149">
</testcase>
<testcase name="History Page Functionality › should display macro tabs with correct options" classname="history.spec.ts" time="12.12">
</testcase>
<testcase name="History Page Functionality › should switch between macro tabs" classname="history.spec.ts" time="12.853">
</testcase>
<testcase name="History Page Functionality › should display chart container" classname="history.spec.ts" time="11.806">
</testcase>
<testcase name="History Page Functionality › should show empty state when no data is available" classname="history.spec.ts" time="11.594">
</testcase>
<testcase name="History Page Functionality › should display chart when data is available" classname="history.spec.ts" time="31.257">
<failure message="history.spec.ts:97:7 should display chart when data is available" type="FAILURE">
<![CDATA[  [Mobile Chrome] › history.spec.ts:97:7 › History Page Functionality › should display chart when data is available 

    Test timeout of 30000ms exceeded.

    Error: locator.click: Test timeout of 30000ms exceeded.
    Call log:
      - waiting for locator('[data-testid="text-button"]')


       at utils/test-helpers.ts:90

      88 |
      89 |       // Click the text input button
    > 90 |       await this.page.locator('[data-testid="text-button"]').click();
         |                                                              ^
      91 |
      92 |       // Wait for the text input dialog
      93 |       await this.page.waitForSelector('[data-testid="text-input-dialog"]');
        at TestHelpers.setupMockData (/Users/marcovhv/projects/GIT/caloriecounter/tests/e2e/utils/test-helpers.ts:90:62)
        at /Users/marcovhv/projects/GIT/caloriecounter/tests/e2e/history.spec.ts:99:5

    attachment #1: screenshot (image/png) ──────────────────────────────────────────────────────────
    test-results/history-History-Page-Funct-b7ba7-hart-when-data-is-available-Mobile-Chrome/test-failed-1.png
    ────────────────────────────────────────────────────────────────────────────────────────────────

    attachment #2: video (video/webm) ──────────────────────────────────────────────────────────────
    test-results/history-History-Page-Funct-b7ba7-hart-when-data-is-available-Mobile-Chrome/video.webm
    ────────────────────────────────────────────────────────────────────────────────────────────────

    Error Context: ../../test-results/history-History-Page-Funct-b7ba7-hart-when-data-is-available-Mobile-Chrome/error-context.md
]]>
</failure>
<system-out>
<![CDATA[
[[ATTACHMENT|history-History-Page-Funct-b7ba7-hart-when-data-is-available-Mobile-Chrome/test-failed-1.png]]

[[ATTACHMENT|history-History-Page-Funct-b7ba7-hart-when-data-is-available-Mobile-Chrome/video.webm]]

[[ATTACHMENT|history-History-Page-Funct-b7ba7-hart-when-data-is-available-Mobile-Chrome/error-context.md]]
]]>
</system-out>
</testcase>
<testcase name="History Page Functionality › should update chart when date range changes" classname="history.spec.ts" time="31.044">
<failure message="history.spec.ts:113:7 should update chart when date range changes" type="FAILURE">
<![CDATA[  [Mobile Chrome] › history.spec.ts:113:7 › History Page Functionality › should update chart when date range changes 

    Test timeout of 30000ms exceeded.

    Error: locator.click: Test timeout of 30000ms exceeded.
    Call log:
      - waiting for locator('[data-testid="text-button"]')


       at utils/test-helpers.ts:90

      88 |
      89 |       // Click the text input button
    > 90 |       await this.page.locator('[data-testid="text-button"]').click();
         |                                                              ^
      91 |
      92 |       // Wait for the text input dialog
      93 |       await this.page.waitForSelector('[data-testid="text-input-dialog"]');
        at TestHelpers.setupMockData (/Users/marcovhv/projects/GIT/caloriecounter/tests/e2e/utils/test-helpers.ts:90:62)
        at /Users/marcovhv/projects/GIT/caloriecounter/tests/e2e/history.spec.ts:115:5

    attachment #1: screenshot (image/png) ──────────────────────────────────────────────────────────
    test-results/history-History-Page-Funct-e5412-art-when-date-range-changes-Mobile-Chrome/test-failed-1.png
    ────────────────────────────────────────────────────────────────────────────────────────────────

    attachment #2: video (video/webm) ──────────────────────────────────────────────────────────────
    test-results/history-History-Page-Funct-e5412-art-when-date-range-changes-Mobile-Chrome/video.webm
    ────────────────────────────────────────────────────────────────────────────────────────────────

    Error Context: ../../test-results/history-History-Page-Funct-e5412-art-when-date-range-changes-Mobile-Chrome/error-context.md
]]>
</failure>
<system-out>
<![CDATA[
[[ATTACHMENT|history-History-Page-Funct-e5412-art-when-date-range-changes-Mobile-Chrome/test-failed-1.png]]

[[ATTACHMENT|history-History-Page-Funct-e5412-art-when-date-range-changes-Mobile-Chrome/video.webm]]

[[ATTACHMENT|history-History-Page-Funct-e5412-art-when-date-range-changes-Mobile-Chrome/error-context.md]]
]]>
</system-out>
</testcase>
<testcase name="History Page Functionality › should update chart when macro tab changes" classname="history.spec.ts" time="31.046">
<failure message="history.spec.ts:134:7 should update chart when macro tab changes" type="FAILURE">
<![CDATA[  [Mobile Chrome] › history.spec.ts:134:7 › History Page Functionality › should update chart when macro tab changes 

    Test timeout of 30000ms exceeded.

    Error: locator.click: Test timeout of 30000ms exceeded.
    Call log:
      - waiting for locator('[data-testid="text-button"]')


       at utils/test-helpers.ts:90

      88 |
      89 |       // Click the text input button
    > 90 |       await this.page.locator('[data-testid="text-button"]').click();
         |                                                              ^
      91 |
      92 |       // Wait for the text input dialog
      93 |       await this.page.waitForSelector('[data-testid="text-input-dialog"]');
        at TestHelpers.setupMockData (/Users/marcovhv/projects/GIT/caloriecounter/tests/e2e/utils/test-helpers.ts:90:62)
        at /Users/marcovhv/projects/GIT/caloriecounter/tests/e2e/history.spec.ts:136:5

    attachment #1: screenshot (image/png) ──────────────────────────────────────────────────────────
    test-results/history-History-Page-Funct-66256-hart-when-macro-tab-changes-Mobile-Chrome/test-failed-1.png
    ────────────────────────────────────────────────────────────────────────────────────────────────

    attachment #2: video (video/webm) ──────────────────────────────────────────────────────────────
    test-results/history-History-Page-Funct-66256-hart-when-macro-tab-changes-Mobile-Chrome/video.webm
    ────────────────────────────────────────────────────────────────────────────────────────────────

    Error Context: ../../test-results/history-History-Page-Funct-66256-hart-when-macro-tab-changes-Mobile-Chrome/error-context.md
]]>
</failure>
<system-out>
<![CDATA[
[[ATTACHMENT|history-History-Page-Funct-66256-hart-when-macro-tab-changes-Mobile-Chrome/test-failed-1.png]]

[[ATTACHMENT|history-History-Page-Funct-66256-hart-when-macro-tab-changes-Mobile-Chrome/video.webm]]

[[ATTACHMENT|history-History-Page-Funct-66256-hart-when-macro-tab-changes-Mobile-Chrome/error-context.md]]
]]>
</system-out>
</testcase>
<testcase name="History Page Functionality › should show loading state while data is being fetched" classname="history.spec.ts" time="21.707">
</testcase>
<testcase name="History Page Functionality › should display chart legend if present" classname="history.spec.ts" time="31.033">
<failure message="history.spec.ts:174:7 should display chart legend if present" type="FAILURE">
<![CDATA[  [Mobile Chrome] › history.spec.ts:174:7 › History Page Functionality › should display chart legend if present 

    Test timeout of 30000ms exceeded.

    Error: locator.click: Test timeout of 30000ms exceeded.
    Call log:
      - waiting for locator('[data-testid="text-button"]')


       at utils/test-helpers.ts:90

      88 |
      89 |       // Click the text input button
    > 90 |       await this.page.locator('[data-testid="text-button"]').click();
         |                                                              ^
      91 |
      92 |       // Wait for the text input dialog
      93 |       await this.page.waitForSelector('[data-testid="text-input-dialog"]');
        at TestHelpers.setupMockData (/Users/marcovhv/projects/GIT/caloriecounter/tests/e2e/utils/test-helpers.ts:90:62)
        at /Users/marcovhv/projects/GIT/caloriecounter/tests/e2e/history.spec.ts:176:5

    attachment #1: screenshot (image/png) ──────────────────────────────────────────────────────────
    test-results/history-History-Page-Funct-5b305-lay-chart-legend-if-present-Mobile-Chrome/test-failed-1.png
    ────────────────────────────────────────────────────────────────────────────────────────────────

    attachment #2: video (video/webm) ──────────────────────────────────────────────────────────────
    test-results/history-History-Page-Funct-5b305-lay-chart-legend-if-present-Mobile-Chrome/video.webm
    ────────────────────────────────────────────────────────────────────────────────────────────────

    Error Context: ../../test-results/history-History-Page-Funct-5b305-lay-chart-legend-if-present-Mobile-Chrome/error-context.md
]]>
</failure>
<system-out>
<![CDATA[
[[ATTACHMENT|history-History-Page-Funct-5b305-lay-chart-legend-if-present-Mobile-Chrome/test-failed-1.png]]

[[ATTACHMENT|history-History-Page-Funct-5b305-lay-chart-legend-if-present-Mobile-Chrome/video.webm]]

[[ATTACHMENT|history-History-Page-Funct-5b305-lay-chart-legend-if-present-Mobile-Chrome/error-context.md]]
]]>
</system-out>
</testcase>
<testcase name="History Page Functionality › should display chart axes labels" classname="history.spec.ts" time="31.074">
<failure message="history.spec.ts:190:7 should display chart axes labels" type="FAILURE">
<![CDATA[  [Mobile Chrome] › history.spec.ts:190:7 › History Page Functionality › should display chart axes labels 

    Test timeout of 30000ms exceeded.

    Error: locator.click: Test timeout of 30000ms exceeded.
    Call log:
      - waiting for locator('[data-testid="text-button"]')


       at utils/test-helpers.ts:90

      88 |
      89 |       // Click the text input button
    > 90 |       await this.page.locator('[data-testid="text-button"]').click();
         |                                                              ^
      91 |
      92 |       // Wait for the text input dialog
      93 |       await this.page.waitForSelector('[data-testid="text-input-dialog"]');
        at TestHelpers.setupMockData (/Users/marcovhv/projects/GIT/caloriecounter/tests/e2e/utils/test-helpers.ts:90:62)
        at /Users/marcovhv/projects/GIT/caloriecounter/tests/e2e/history.spec.ts:192:5

    attachment #1: screenshot (image/png) ──────────────────────────────────────────────────────────
    test-results/history-History-Page-Funct-36291-d-display-chart-axes-labels-Mobile-Chrome/test-failed-1.png
    ────────────────────────────────────────────────────────────────────────────────────────────────

    attachment #2: video (video/webm) ──────────────────────────────────────────────────────────────
    test-results/history-History-Page-Funct-36291-d-display-chart-axes-labels-Mobile-Chrome/video.webm
    ────────────────────────────────────────────────────────────────────────────────────────────────

    Error Context: ../../test-results/history-History-Page-Funct-36291-d-display-chart-axes-labels-Mobile-Chrome/error-context.md
]]>
</failure>
<system-out>
<![CDATA[
[[ATTACHMENT|history-History-Page-Funct-36291-d-display-chart-axes-labels-Mobile-Chrome/test-failed-1.png]]

[[ATTACHMENT|history-History-Page-Funct-36291-d-display-chart-axes-labels-Mobile-Chrome/video.webm]]

[[ATTACHMENT|history-History-Page-Funct-36291-d-display-chart-axes-labels-Mobile-Chrome/error-context.md]]
]]>
</system-out>
</testcase>
<testcase name="History Page Functionality › should handle chart interactions if available" classname="history.spec.ts" time="31.106">
<failure message="history.spec.ts:212:7 should handle chart interactions if available" type="FAILURE">
<![CDATA[  [Mobile Chrome] › history.spec.ts:212:7 › History Page Functionality › should handle chart interactions if available 

    Test timeout of 30000ms exceeded.

    Error: locator.click: Test timeout of 30000ms exceeded.
    Call log:
      - waiting for locator('[data-testid="text-button"]')


       at utils/test-helpers.ts:90

      88 |
      89 |       // Click the text input button
    > 90 |       await this.page.locator('[data-testid="text-button"]').click();
         |                                                              ^
      91 |
      92 |       // Wait for the text input dialog
      93 |       await this.page.waitForSelector('[data-testid="text-input-dialog"]');
        at TestHelpers.setupMockData (/Users/marcovhv/projects/GIT/caloriecounter/tests/e2e/utils/test-helpers.ts:90:62)
        at /Users/marcovhv/projects/GIT/caloriecounter/tests/e2e/history.spec.ts:214:5

    attachment #1: screenshot (image/png) ──────────────────────────────────────────────────────────
    test-results/history-History-Page-Funct-a06be-t-interactions-if-available-Mobile-Chrome/test-failed-1.png
    ────────────────────────────────────────────────────────────────────────────────────────────────

    attachment #2: video (video/webm) ──────────────────────────────────────────────────────────────
    test-results/history-History-Page-Funct-a06be-t-interactions-if-available-Mobile-Chrome/video.webm
    ────────────────────────────────────────────────────────────────────────────────────────────────

    Error Context: ../../test-results/history-History-Page-Funct-a06be-t-interactions-if-available-Mobile-Chrome/error-context.md
]]>
</failure>
<system-out>
<![CDATA[
[[ATTACHMENT|history-History-Page-Funct-a06be-t-interactions-if-available-Mobile-Chrome/test-failed-1.png]]

[[ATTACHMENT|history-History-Page-Funct-a06be-t-interactions-if-available-Mobile-Chrome/video.webm]]

[[ATTACHMENT|history-History-Page-Funct-a06be-t-interactions-if-available-Mobile-Chrome/error-context.md]]
]]>
</system-out>
</testcase>
<testcase name="History Page Functionality › should navigate back to main page" classname="history.spec.ts" time="11.781">
</testcase>
<testcase name="History Page Functionality › should be responsive on mobile viewport" classname="history.spec.ts" time="12.021">
</testcase>
<testcase name="History Page Functionality › should handle data refresh when returning from other pages" classname="history.spec.ts" time="22.642">
</testcase>
</testsuite>
<testsuite name="settings.spec.ts" timestamp="2025-07-09T06:01:38.950Z" hostname="Mobile Chrome" tests="13" failures="0" skipped="0" time="200.186" errors="0">
<testcase name="Settings Page Functionality › should load settings page successfully" classname="settings.spec.ts" time="10.951">
</testcase>
<testcase name="Settings Page Functionality › should display current settings values" classname="settings.spec.ts" time="11.623">
</testcase>
<testcase name="Settings Page Functionality › should update daily calorie target" classname="settings.spec.ts" time="21.657">
</testcase>
<testcase name="Settings Page Functionality › should update fat target" classname="settings.spec.ts" time="21.653">
</testcase>
<testcase name="Settings Page Functionality › should update carbs target" classname="settings.spec.ts" time="21.885">
</testcase>
<testcase name="Settings Page Functionality › should update protein target" classname="settings.spec.ts" time="21.978">
</testcase>
<testcase name="Settings Page Functionality › should change units preference from metric to imperial" classname="settings.spec.ts" time="22.146">
</testcase>
<testcase name="Settings Page Functionality › should validate input fields for positive numbers" classname="settings.spec.ts" time="11.371">
</testcase>
<testcase name="Settings Page Functionality › should validate input fields for reasonable ranges" classname="settings.spec.ts" time="11.237">
</testcase>
<testcase name="Settings Page Functionality › should handle empty input fields gracefully" classname="settings.spec.ts" time="11.452">
</testcase>
<testcase name="Settings Page Functionality › should show loading state while saving" classname="settings.spec.ts" time="11.16">
</testcase>
<testcase name="Settings Page Functionality › should export data functionality if available" classname="settings.spec.ts" time="11.715">
</testcase>
<testcase name="Settings Page Functionality › should display app version and license info if available" classname="settings.spec.ts" time="11.358">
</testcase>
</testsuite>
<testsuite name="api-integration.spec.ts" timestamp="2025-07-09T06:01:38.950Z" hostname="Mobile Safari" tests="11" failures="11" skipped="0" time="336.737" errors="0">
<testcase name="API Integration Tests › Barcode API › should handle successful barcode lookup" classname="api-integration.spec.ts" time="30.55">
<failure message="api-integration.spec.ts:21:9 should handle successful barcode lookup" type="FAILURE">
<![CDATA[  [Mobile Safari] › api-integration.spec.ts:21:9 › API Integration Tests › Barcode API › should handle successful barcode lookup 

    Test timeout of 30000ms exceeded.

    Error: page.click: Test timeout of 30000ms exceeded.
    Call log:
      - waiting for locator('[data-testid="scan-button"]')
        - locator resolved to <button data-testid="scan-button" class="card-glass card-glass-hover rounded-3xl p-6 text-center transition-all duration-300 shadow-2xl active:scale-95">…</button>
      - attempting click action
        - waiting for element to be visible, enabled and stable
        - element is visible, enabled and stable
        - scrolling into view if needed
        - done scrolling
        - <div class="text-center">…</div> from <div class="fixed inset-0 bg-black/70 backdrop-blur-md z-50 flex items-center justify-center p-4">…</div> subtree intercepts pointer events
      - retrying click action
        - waiting for element to be visible, enabled and stable
        - element is visible, enabled and stable
        - scrolling into view if needed
        - done scrolling
        - <div class="fixed inset-0 bg-black/70 backdrop-blur-md z-50 flex items-center justify-center p-4">…</div> intercepts pointer events
      - retrying click action
        - waiting 20ms
        - waiting for element to be visible, enabled and stable
        - element is visible, enabled and stable
        - scrolling into view if needed
        - done scrolling
        - <div class="text-center">…</div> from <div class="fixed inset-0 bg-black/70 backdrop-blur-md z-50 flex items-center justify-center p-4">…</div> subtree intercepts pointer events
      2 × retrying click action
          - waiting 100ms
          - waiting for element to be visible, enabled and stable
          - element is visible, enabled and stable
          - scrolling into view if needed
          - done scrolling
          - <div data-testid="voice-input-dialog" class="card-glass rounded-3xl p-6 m-4 max-w-sm w-full shadow-2xl">…</div> from <div class="fixed inset-0 bg-black/70 backdrop-blur-md z-50 flex items-center justify-center p-4">…</div> subtree intercepts pointer events
      - retrying click action
        - waiting 500ms
        - waiting for element to be visible, enabled and stable
        - element is visible, enabled and stable
        - scrolling into view if needed
        - done scrolling
        - <div class="fixed inset-0 bg-black/70 backdrop-blur-md z-50 flex items-center justify-center p-4">…</div> intercepts pointer events
      - retrying click action
        - waiting 500ms
        - waiting for element to be visible, enabled and stable
        - element is visible, enabled and stable
        - scrolling into view if needed
        - done scrolling
        - <div class="text-center">…</div> from <div class="fixed inset-0 bg-black/70 backdrop-blur-md z-50 flex items-center justify-center p-4">…</div> subtree intercepts pointer events
      - retrying click action
        - waiting 500ms
        - waiting for element to be visible, enabled and stable
        - element is visible, enabled and stable
        - scrolling into view if needed
        - done scrolling
        - <div data-testid="voice-input-dialog" class="card-glass rounded-3xl p-6 m-4 max-w-sm w-full shadow-2xl">…</div> from <div class="fixed inset-0 bg-black/70 backdrop-blur-md z-50 flex items-center justify-center p-4">…</div> subtree intercepts pointer events
      - retrying click action
        - waiting 500ms
        - waiting for element to be visible, enabled and stable
        - element is visible, enabled and stable
        - scrolling into view if needed
        - done scrolling
        - <div class="mb-6">…</div> from <div class="fixed inset-0 bg-black/70 backdrop-blur-md z-50 flex items-center justify-center p-4">…</div> subtree intercepts pointer events
      12 × retrying click action
           - waiting 500ms
           - waiting for element to be visible, enabled and stable
           - element is visible, enabled and stable
           - scrolling into view if needed
           - done scrolling
           - <div class="fixed inset-0 bg-black/70 backdrop-blur-md z-50 flex items-center justify-center p-4">…</div> intercepts pointer events
         - retrying click action
           - waiting 500ms
           - waiting for element to be visible, enabled and stable
           - element is visible, enabled and stable
           - scrolling into view if needed
           - done scrolling
           - <div class="text-center">…</div> from <div class="fixed inset-0 bg-black/70 backdrop-blur-md z-50 flex items-center justify-center p-4">…</div> subtree intercepts pointer events
         - retrying click action
           - waiting 500ms
           - waiting for element to be visible, enabled and stable
           - element is visible, enabled and stable
           - scrolling into view if needed
           - done scrolling
           - <div data-testid="voice-input-dialog" class="card-glass rounded-3xl p-6 m-4 max-w-sm w-full shadow-2xl">…</div> from <div class="fixed inset-0 bg-black/70 backdrop-blur-md z-50 flex items-center justify-center p-4">…</div> subtree intercepts pointer events
         - retrying click action
           - waiting 500ms
           - waiting for element to be visible, enabled and stable
           - element is visible, enabled and stable
           - scrolling into view if needed
           - done scrolling
           - <div data-testid="voice-input-dialog" class="card-glass rounded-3xl p-6 m-4 max-w-sm w-full shadow-2xl">…</div> from <div class="fixed inset-0 bg-black/70 backdrop-blur-md z-50 flex items-center justify-center p-4">…</div> subtree intercepts pointer events
      - retrying click action
        - waiting 500ms


      44 |       // Trigger barcode scan
      45 |       await page.click('[data-testid="add-fab"]');
    > 46 |       await page.click('[data-testid="scan-button"]');
         |                  ^
      47 |       
      48 |       // Simulate barcode detection
      49 |       await page.evaluate((barcode) => {
        at /Users/marcovhv/projects/GIT/caloriecounter/tests/e2e/api-integration.spec.ts:46:18

    attachment #1: screenshot (image/png) ──────────────────────────────────────────────────────────
    test-results/api-integration-API-Integr-418ce-e-successful-barcode-lookup-Mobile-Safari/test-failed-1.png
    ────────────────────────────────────────────────────────────────────────────────────────────────

    attachment #2: video (video/webm) ──────────────────────────────────────────────────────────────
    test-results/api-integration-API-Integr-418ce-e-successful-barcode-lookup-Mobile-Safari/video.webm
    ────────────────────────────────────────────────────────────────────────────────────────────────

    Error Context: ../../test-results/api-integration-API-Integr-418ce-e-successful-barcode-lookup-Mobile-Safari/error-context.md
]]>
</failure>
<system-out>
<![CDATA[
[[ATTACHMENT|api-integration-API-Integr-418ce-e-successful-barcode-lookup-Mobile-Safari/test-failed-1.png]]

[[ATTACHMENT|api-integration-API-Integr-418ce-e-successful-barcode-lookup-Mobile-Safari/video.webm]]

[[ATTACHMENT|api-integration-API-Integr-418ce-e-successful-barcode-lookup-Mobile-Safari/error-context.md]]
]]>
</system-out>
</testcase>
<testcase name="API Integration Tests › Barcode API › should handle barcode API error responses" classname="api-integration.spec.ts" time="30.56">
<failure message="api-integration.spec.ts:63:9 should handle barcode API error responses" type="FAILURE">
<![CDATA[  [Mobile Safari] › api-integration.spec.ts:63:9 › API Integration Tests › Barcode API › should handle barcode API error responses 

    Test timeout of 30000ms exceeded.

    Error: page.click: Test timeout of 30000ms exceeded.
    Call log:
      - waiting for locator('[data-testid="scan-button"]')
        - locator resolved to <button data-testid="scan-button" class="card-glass card-glass-hover rounded-3xl p-6 text-center transition-all duration-300 shadow-2xl active:scale-95">…</button>
      - attempting click action
        - waiting for element to be visible, enabled and stable
        - element is visible, enabled and stable
        - scrolling into view if needed
        - done scrolling
        - <div class="text-center">…</div> from <div class="fixed inset-0 bg-black/70 backdrop-blur-md z-50 flex items-center justify-center p-4">…</div> subtree intercepts pointer events
      - retrying click action
        - waiting for element to be visible, enabled and stable
        - element is visible, enabled and stable
        - scrolling into view if needed
        - done scrolling
        - <div class="fixed inset-0 bg-black/70 backdrop-blur-md z-50 flex items-center justify-center p-4">…</div> intercepts pointer events
      - retrying click action
        - waiting 20ms
        - waiting for element to be visible, enabled and stable
        - element is visible, enabled and stable
        - scrolling into view if needed
        - done scrolling
        - <div class="text-center">…</div> from <div class="fixed inset-0 bg-black/70 backdrop-blur-md z-50 flex items-center justify-center p-4">…</div> subtree intercepts pointer events
      2 × retrying click action
          - waiting 100ms
          - waiting for element to be visible, enabled and stable
          - element is visible, enabled and stable
          - scrolling into view if needed
          - done scrolling
          - <div data-testid="voice-input-dialog" class="card-glass rounded-3xl p-6 m-4 max-w-sm w-full shadow-2xl">…</div> from <div class="fixed inset-0 bg-black/70 backdrop-blur-md z-50 flex items-center justify-center p-4">…</div> subtree intercepts pointer events
      - retrying click action
        - waiting 500ms
        - waiting for element to be visible, enabled and stable
        - element is visible, enabled and stable
        - scrolling into view if needed
        - done scrolling
        - <div class="fixed inset-0 bg-black/70 backdrop-blur-md z-50 flex items-center justify-center p-4">…</div> intercepts pointer events
      - retrying click action
        - waiting 500ms
        - waiting for element to be visible, enabled and stable
        - element is visible, enabled and stable
        - scrolling into view if needed
        - done scrolling
        - <div class="text-center">…</div> from <div class="fixed inset-0 bg-black/70 backdrop-blur-md z-50 flex items-center justify-center p-4">…</div> subtree intercepts pointer events
      - retrying click action
        - waiting 500ms
        - waiting for element to be visible, enabled and stable
        - element is visible, enabled and stable
        - scrolling into view if needed
        - done scrolling
        - <div data-testid="voice-input-dialog" class="card-glass rounded-3xl p-6 m-4 max-w-sm w-full shadow-2xl">…</div> from <div class="fixed inset-0 bg-black/70 backdrop-blur-md z-50 flex items-center justify-center p-4">…</div> subtree intercepts pointer events
      - retrying click action
        - waiting 500ms
        - waiting for element to be visible, enabled and stable
        - element is visible, enabled and stable
        - scrolling into view if needed
        - done scrolling
        - <div class="mb-6">…</div> from <div class="fixed inset-0 bg-black/70 backdrop-blur-md z-50 flex items-center justify-center p-4">…</div> subtree intercepts pointer events
      11 × retrying click action
           - waiting 500ms
           - waiting for element to be visible, enabled and stable
           - element is visible, enabled and stable
           - scrolling into view if needed
           - done scrolling
           - <div class="fixed inset-0 bg-black/70 backdrop-blur-md z-50 flex items-center justify-center p-4">…</div> intercepts pointer events
         - retrying click action
           - waiting 500ms
           - waiting for element to be visible, enabled and stable
           - element is visible, enabled and stable
           - scrolling into view if needed
           - done scrolling
           - <div class="text-center">…</div> from <div class="fixed inset-0 bg-black/70 backdrop-blur-md z-50 flex items-center justify-center p-4">…</div> subtree intercepts pointer events
         - retrying click action
           - waiting 500ms
           - waiting for element to be visible, enabled and stable
           - element is visible, enabled and stable
           - scrolling into view if needed
           - done scrolling
           - <div data-testid="voice-input-dialog" class="card-glass rounded-3xl p-6 m-4 max-w-sm w-full shadow-2xl">…</div> from <div class="fixed inset-0 bg-black/70 backdrop-blur-md z-50 flex items-center justify-center p-4">…</div> subtree intercepts pointer events
         - retrying click action
           - waiting 500ms
           - waiting for element to be visible, enabled and stable
           - element is visible, enabled and stable
           - scrolling into view if needed
           - done scrolling
           - <div data-testid="voice-input-dialog" class="card-glass rounded-3xl p-6 m-4 max-w-sm w-full shadow-2xl">…</div> from <div class="fixed inset-0 bg-black/70 backdrop-blur-md z-50 flex items-center justify-center p-4">…</div> subtree intercepts pointer events
      - retrying click action
        - waiting 500ms
        - waiting for element to be visible, enabled and stable
        - element is visible, enabled and stable
        - scrolling into view if needed
        - done scrolling
        - <div class="fixed inset-0 bg-black/70 backdrop-blur-md z-50 flex items-center justify-center p-4">…</div> intercepts pointer events
      - retrying click action
        - waiting 500ms
        - waiting for element to be visible, enabled and stable
        - element is visible, enabled and stable
        - scrolling into view if needed
        - done scrolling


      78 |       // Trigger barcode scan
      79 |       await page.click('[data-testid="add-fab"]');
    > 80 |       await page.click('[data-testid="scan-button"]');
         |                  ^
      81 |       
      82 |       // Simulate invalid barcode detection
      83 |       await page.evaluate((barcode) => {
        at /Users/marcovhv/projects/GIT/caloriecounter/tests/e2e/api-integration.spec.ts:80:18

    attachment #1: screenshot (image/png) ──────────────────────────────────────────────────────────
    test-results/api-integration-API-Integr-7d4c2-barcode-API-error-responses-Mobile-Safari/test-failed-1.png
    ────────────────────────────────────────────────────────────────────────────────────────────────

    attachment #2: video (video/webm) ──────────────────────────────────────────────────────────────
    test-results/api-integration-API-Integr-7d4c2-barcode-API-error-responses-Mobile-Safari/video.webm
    ────────────────────────────────────────────────────────────────────────────────────────────────

    Error Context: ../../test-results/api-integration-API-Integr-7d4c2-barcode-API-error-responses-Mobile-Safari/error-context.md
]]>
</failure>
<system-out>
<![CDATA[
[[ATTACHMENT|api-integration-API-Integr-7d4c2-barcode-API-error-responses-Mobile-Safari/test-failed-1.png]]

[[ATTACHMENT|api-integration-API-Integr-7d4c2-barcode-API-error-responses-Mobile-Safari/video.webm]]

[[ATTACHMENT|api-integration-API-Integr-7d4c2-barcode-API-error-responses-Mobile-Safari/error-context.md]]
]]>
</system-out>
</testcase>
<testcase name="API Integration Tests › Barcode API › should handle barcode API network errors" classname="api-integration.spec.ts" time="30.716">
<failure message="api-integration.spec.ts:96:9 should handle barcode API network errors" type="FAILURE">
<![CDATA[  [Mobile Safari] › api-integration.spec.ts:96:9 › API Integration Tests › Barcode API › should handle barcode API network errors 

    Test timeout of 30000ms exceeded.

    Error: page.click: Test timeout of 30000ms exceeded.
    Call log:
      - waiting for locator('[data-testid="scan-button"]')
        - locator resolved to <button data-testid="scan-button" class="card-glass card-glass-hover rounded-3xl p-6 text-center transition-all duration-300 shadow-2xl active:scale-95">…</button>
      - attempting click action
        - waiting for element to be visible, enabled and stable
        - element is visible, enabled and stable
        - scrolling into view if needed
        - done scrolling
        - <div class="text-center">…</div> from <div class="fixed inset-0 bg-black/70 backdrop-blur-md z-50 flex items-center justify-center p-4">…</div> subtree intercepts pointer events
      - retrying click action
        - waiting for element to be visible, enabled and stable
        - element is visible, enabled and stable
        - scrolling into view if needed
        - done scrolling
        - <div class="fixed inset-0 bg-black/70 backdrop-blur-md z-50 flex items-center justify-center p-4">…</div> intercepts pointer events
      - retrying click action
        - waiting 20ms
        - waiting for element to be visible, enabled and stable
        - element is visible, enabled and stable
        - scrolling into view if needed
        - done scrolling
        - <div class="text-center">…</div> from <div class="fixed inset-0 bg-black/70 backdrop-blur-md z-50 flex items-center justify-center p-4">…</div> subtree intercepts pointer events
      2 × retrying click action
          - waiting 100ms
          - waiting for element to be visible, enabled and stable
          - element is visible, enabled and stable
          - scrolling into view if needed
          - done scrolling
          - <div data-testid="voice-input-dialog" class="card-glass rounded-3xl p-6 m-4 max-w-sm w-full shadow-2xl">…</div> from <div class="fixed inset-0 bg-black/70 backdrop-blur-md z-50 flex items-center justify-center p-4">…</div> subtree intercepts pointer events
      12 × retrying click action
           - waiting 500ms
           - waiting for element to be visible, enabled and stable
           - element is visible, enabled and stable
           - scrolling into view if needed
           - done scrolling
           - <div class="fixed inset-0 bg-black/70 backdrop-blur-md z-50 flex items-center justify-center p-4">…</div> intercepts pointer events
         - retrying click action
           - waiting 500ms
           - waiting for element to be visible, enabled and stable
           - element is visible, enabled and stable
           - scrolling into view if needed
           - done scrolling
           - <div class="text-center">…</div> from <div class="fixed inset-0 bg-black/70 backdrop-blur-md z-50 flex items-center justify-center p-4">…</div> subtree intercepts pointer events
         - retrying click action
           - waiting 500ms
           - waiting for element to be visible, enabled and stable
           - element is visible, enabled and stable
           - scrolling into view if needed
           - done scrolling
           - <div data-testid="voice-input-dialog" class="card-glass rounded-3xl p-6 m-4 max-w-sm w-full shadow-2xl">…</div> from <div class="fixed inset-0 bg-black/70 backdrop-blur-md z-50 flex items-center justify-center p-4">…</div> subtree intercepts pointer events
         - retrying click action
           - waiting 500ms
           - waiting for element to be visible, enabled and stable
           - element is visible, enabled and stable
           - scrolling into view if needed
           - done scrolling
           - <div data-testid="voice-input-dialog" class="card-glass rounded-3xl p-6 m-4 max-w-sm w-full shadow-2xl">…</div> from <div class="fixed inset-0 bg-black/70 backdrop-blur-md z-50 flex items-center justify-center p-4">…</div> subtree intercepts pointer events
      - retrying click action
        - waiting 500ms


      104 |       // Trigger barcode scan
      105 |       await page.click('[data-testid="add-fab"]');
    > 106 |       await page.click('[data-testid="scan-button"]');
          |                  ^
      107 |       
      108 |       // Simulate barcode detection
      109 |       await page.evaluate((barcode) => {
        at /Users/marcovhv/projects/GIT/caloriecounter/tests/e2e/api-integration.spec.ts:106:18

    attachment #1: screenshot (image/png) ──────────────────────────────────────────────────────────
    test-results/api-integration-API-Integr-9f4d9--barcode-API-network-errors-Mobile-Safari/test-failed-1.png
    ────────────────────────────────────────────────────────────────────────────────────────────────

    attachment #2: video (video/webm) ──────────────────────────────────────────────────────────────
    test-results/api-integration-API-Integr-9f4d9--barcode-API-network-errors-Mobile-Safari/video.webm
    ────────────────────────────────────────────────────────────────────────────────────────────────

    Error Context: ../../test-results/api-integration-API-Integr-9f4d9--barcode-API-network-errors-Mobile-Safari/error-context.md
]]>
</failure>
<system-out>
<![CDATA[
[[ATTACHMENT|api-integration-API-Integr-9f4d9--barcode-API-network-errors-Mobile-Safari/test-failed-1.png]]

[[ATTACHMENT|api-integration-API-Integr-9f4d9--barcode-API-network-errors-Mobile-Safari/video.webm]]

[[ATTACHMENT|api-integration-API-Integr-9f4d9--barcode-API-network-errors-Mobile-Safari/error-context.md]]
]]>
</system-out>
</testcase>
<testcase name="API Integration Tests › Barcode API › should handle barcode API timeout" classname="api-integration.spec.ts" time="30.899">
<failure message="api-integration.spec.ts:122:9 should handle barcode API timeout" type="FAILURE">
<![CDATA[  [Mobile Safari] › api-integration.spec.ts:122:9 › API Integration Tests › Barcode API › should handle barcode API timeout 

    Test timeout of 30000ms exceeded.

    Error: page.click: Test timeout of 30000ms exceeded.
    Call log:
      - waiting for locator('[data-testid="scan-button"]')
        - locator resolved to <button data-testid="scan-button" class="card-glass card-glass-hover rounded-3xl p-6 text-center transition-all duration-300 shadow-2xl active:scale-95">…</button>
      - attempting click action
        - waiting for element to be visible, enabled and stable
        - element is visible, enabled and stable
        - scrolling into view if needed
        - done scrolling
        - <div class="text-center">…</div> from <div class="fixed inset-0 bg-black/70 backdrop-blur-md z-50 flex items-center justify-center p-4">…</div> subtree intercepts pointer events
      - retrying click action
        - waiting for element to be visible, enabled and stable
        - element is visible, enabled and stable
        - scrolling into view if needed
        - done scrolling
        - <div class="fixed inset-0 bg-black/70 backdrop-blur-md z-50 flex items-center justify-center p-4">…</div> intercepts pointer events
      - retrying click action
        - waiting 20ms
        - waiting for element to be visible, enabled and stable
        - element is visible, enabled and stable
        - scrolling into view if needed
        - done scrolling
        - <div class="text-center">…</div> from <div class="fixed inset-0 bg-black/70 backdrop-blur-md z-50 flex items-center justify-center p-4">…</div> subtree intercepts pointer events
      2 × retrying click action
          - waiting 100ms
          - waiting for element to be visible, enabled and stable
          - element is visible, enabled and stable
          - scrolling into view if needed
          - done scrolling
          - <div data-testid="voice-input-dialog" class="card-glass rounded-3xl p-6 m-4 max-w-sm w-full shadow-2xl">…</div> from <div class="fixed inset-0 bg-black/70 backdrop-blur-md z-50 flex items-center justify-center p-4">…</div> subtree intercepts pointer events
      12 × retrying click action
           - waiting 500ms
           - waiting for element to be visible, enabled and stable
           - element is visible, enabled and stable
           - scrolling into view if needed
           - done scrolling
           - <div class="fixed inset-0 bg-black/70 backdrop-blur-md z-50 flex items-center justify-center p-4">…</div> intercepts pointer events
         - retrying click action
           - waiting 500ms
           - waiting for element to be visible, enabled and stable
           - element is visible, enabled and stable
           - scrolling into view if needed
           - done scrolling
           - <div class="text-center">…</div> from <div class="fixed inset-0 bg-black/70 backdrop-blur-md z-50 flex items-center justify-center p-4">…</div> subtree intercepts pointer events
         - retrying click action
           - waiting 500ms
           - waiting for element to be visible, enabled and stable
           - element is visible, enabled and stable
           - scrolling into view if needed
           - done scrolling
           - <div data-testid="voice-input-dialog" class="card-glass rounded-3xl p-6 m-4 max-w-sm w-full shadow-2xl">…</div> from <div class="fixed inset-0 bg-black/70 backdrop-blur-md z-50 flex items-center justify-center p-4">…</div> subtree intercepts pointer events
         - retrying click action
           - waiting 500ms
           - waiting for element to be visible, enabled and stable
           - element is visible, enabled and stable
           - scrolling into view if needed
           - done scrolling
           - <div data-testid="voice-input-dialog" class="card-glass rounded-3xl p-6 m-4 max-w-sm w-full shadow-2xl">…</div> from <div class="fixed inset-0 bg-black/70 backdrop-blur-md z-50 flex items-center justify-center p-4">…</div> subtree intercepts pointer events
      - retrying click action
        - waiting 500ms
        - waiting for element to be visible, enabled and stable
        - element is visible, enabled and stable
        - scrolling into view if needed
        - done scrolling
        - <div class="fixed inset-0 bg-black/70 backdrop-blur-md z-50 flex items-center justify-center p-4">…</div> intercepts pointer events
      - retrying click action
        - waiting 500ms


      135 |       // Trigger barcode scan
      136 |       await page.click('[data-testid="add-fab"]');
    > 137 |       await page.click('[data-testid="scan-button"]');
          |                  ^
      138 |       
      139 |       // Simulate barcode detection
      140 |       await page.evaluate((barcode) => {
        at /Users/marcovhv/projects/GIT/caloriecounter/tests/e2e/api-integration.spec.ts:137:18

    attachment #1: screenshot (image/png) ──────────────────────────────────────────────────────────
    test-results/api-integration-API-Integr-46479--handle-barcode-API-timeout-Mobile-Safari/test-failed-1.png
    ────────────────────────────────────────────────────────────────────────────────────────────────

    attachment #2: video (video/webm) ──────────────────────────────────────────────────────────────
    test-results/api-integration-API-Integr-46479--handle-barcode-API-timeout-Mobile-Safari/video.webm
    ────────────────────────────────────────────────────────────────────────────────────────────────

    Error Context: ../../test-results/api-integration-API-Integr-46479--handle-barcode-API-timeout-Mobile-Safari/error-context.md
]]>
</failure>
<system-out>
<![CDATA[
[[ATTACHMENT|api-integration-API-Integr-46479--handle-barcode-API-timeout-Mobile-Safari/test-failed-1.png]]

[[ATTACHMENT|api-integration-API-Integr-46479--handle-barcode-API-timeout-Mobile-Safari/video.webm]]

[[ATTACHMENT|api-integration-API-Integr-46479--handle-barcode-API-timeout-Mobile-Safari/error-context.md]]
]]>
</system-out>
</testcase>
<testcase name="API Integration Tests › Parse Food API › should handle successful food parsing" classname="api-integration.spec.ts" time="30.857">
<failure message="api-integration.spec.ts:155:9 should handle successful food parsing" type="FAILURE">
<![CDATA[  [Mobile Safari] › api-integration.spec.ts:155:9 › API Integration Tests › Parse Food API › should handle successful food parsing 

    Test timeout of 30000ms exceeded.

    Error: page.click: Test timeout of 30000ms exceeded.
    Call log:
      - waiting for locator('[data-testid="text-button"]')
        - locator resolved to <button data-testid="text-button" class="card-glass card-glass-hover rounded-3xl p-6 text-center transition-all duration-300 shadow-2xl active:scale-95">…</button>
      - attempting click action
        - waiting for element to be visible, enabled and stable
        - element is visible, enabled and stable
        - scrolling into view if needed
        - done scrolling
        - <div class="text-center">…</div> from <div class="fixed inset-0 bg-black/70 backdrop-blur-md z-50 flex items-center justify-center p-4">…</div> subtree intercepts pointer events
      - retrying click action
        - waiting for element to be visible, enabled and stable
        - element is visible, enabled and stable
        - scrolling into view if needed
        - done scrolling
        - <div class="fixed inset-0 bg-black/70 backdrop-blur-md z-50 flex items-center justify-center p-4">…</div> intercepts pointer events
      - retrying click action
        - waiting 20ms
        - waiting for element to be visible, enabled and stable
        - element is visible, enabled and stable
        - scrolling into view if needed
        - done scrolling
        - <div class="text-center">…</div> from <div class="fixed inset-0 bg-black/70 backdrop-blur-md z-50 flex items-center justify-center p-4">…</div> subtree intercepts pointer events
      2 × retrying click action
          - waiting 100ms
          - waiting for element to be visible, enabled and stable
          - element is visible, enabled and stable
          - scrolling into view if needed
          - done scrolling
          - <div data-testid="voice-input-dialog" class="card-glass rounded-3xl p-6 m-4 max-w-sm w-full shadow-2xl">…</div> from <div class="fixed inset-0 bg-black/70 backdrop-blur-md z-50 flex items-center justify-center p-4">…</div> subtree intercepts pointer events
      12 × retrying click action
           - waiting 500ms
           - waiting for element to be visible, enabled and stable
           - element is visible, enabled and stable
           - scrolling into view if needed
           - done scrolling
           - <div class="fixed inset-0 bg-black/70 backdrop-blur-md z-50 flex items-center justify-center p-4">…</div> intercepts pointer events
         - retrying click action
           - waiting 500ms
           - waiting for element to be visible, enabled and stable
           - element is visible, enabled and stable
           - scrolling into view if needed
           - done scrolling
           - <div class="text-center">…</div> from <div class="fixed inset-0 bg-black/70 backdrop-blur-md z-50 flex items-center justify-center p-4">…</div> subtree intercepts pointer events
         - retrying click action
           - waiting 500ms
           - waiting for element to be visible, enabled and stable
           - element is visible, enabled and stable
           - scrolling into view if needed
           - done scrolling
           - <div data-testid="voice-input-dialog" class="card-glass rounded-3xl p-6 m-4 max-w-sm w-full shadow-2xl">…</div> from <div class="fixed inset-0 bg-black/70 backdrop-blur-md z-50 flex items-center justify-center p-4">…</div> subtree intercepts pointer events
         - retrying click action
           - waiting 500ms
           - waiting for element to be visible, enabled and stable
           - element is visible, enabled and stable
           - scrolling into view if needed
           - done scrolling
           - <div data-testid="voice-input-dialog" class="card-glass rounded-3xl p-6 m-4 max-w-sm w-full shadow-2xl">…</div> from <div class="fixed inset-0 bg-black/70 backdrop-blur-md z-50 flex items-center justify-center p-4">…</div> subtree intercepts pointer events
      - retrying click action
        - waiting 500ms
        - waiting for element to be visible, enabled and stable
        - element is visible, enabled and stable
        - scrolling into view if needed
        - done scrolling


      180 |       // Trigger text input
      181 |       await page.click('[data-testid="add-fab"]');
    > 182 |       await page.click('[data-testid="text-button"]');
          |                  ^
      183 |       await page.fill('[data-testid="text-input-field"]', testFoodDescriptions[0]);
      184 |       await page.click('[data-testid="text-submit-button"]');
      185 |       
        at /Users/marcovhv/projects/GIT/caloriecounter/tests/e2e/api-integration.spec.ts:182:18

    attachment #1: screenshot (image/png) ──────────────────────────────────────────────────────────
    test-results/api-integration-API-Integr-00927-dle-successful-food-parsing-Mobile-Safari/test-failed-1.png
    ────────────────────────────────────────────────────────────────────────────────────────────────

    attachment #2: video (video/webm) ──────────────────────────────────────────────────────────────
    test-results/api-integration-API-Integr-00927-dle-successful-food-parsing-Mobile-Safari/video.webm
    ────────────────────────────────────────────────────────────────────────────────────────────────

    Error Context: ../../test-results/api-integration-API-Integr-00927-dle-successful-food-parsing-Mobile-Safari/error-context.md
]]>
</failure>
<system-out>
<![CDATA[
[[ATTACHMENT|api-integration-API-Integr-00927-dle-successful-food-parsing-Mobile-Safari/test-failed-1.png]]

[[ATTACHMENT|api-integration-API-Integr-00927-dle-successful-food-parsing-Mobile-Safari/video.webm]]

[[ATTACHMENT|api-integration-API-Integr-00927-dle-successful-food-parsing-Mobile-Safari/error-context.md]]
]]>
</system-out>
</testcase>
<testcase name="API Integration Tests › Parse Food API › should handle parse food API error responses" classname="api-integration.spec.ts" time="30.467">
<failure message="api-integration.spec.ts:192:9 should handle parse food API error responses" type="FAILURE">
<![CDATA[  [Mobile Safari] › api-integration.spec.ts:192:9 › API Integration Tests › Parse Food API › should handle parse food API error responses 

    Test timeout of 30000ms exceeded.

    Error: page.click: Test timeout of 30000ms exceeded.
    Call log:
      - waiting for locator('[data-testid="text-button"]')
        - locator resolved to <button data-testid="text-button" class="card-glass card-glass-hover rounded-3xl p-6 text-center transition-all duration-300 shadow-2xl active:scale-95">…</button>
      - attempting click action
        - waiting for element to be visible, enabled and stable
        - element is visible, enabled and stable
        - scrolling into view if needed
        - done scrolling
        - <div class="text-center">…</div> from <div class="fixed inset-0 bg-black/70 backdrop-blur-md z-50 flex items-center justify-center p-4">…</div> subtree intercepts pointer events
      - retrying click action
        - waiting for element to be visible, enabled and stable
        - element is visible, enabled and stable
        - scrolling into view if needed
        - done scrolling
        - <div class="fixed inset-0 bg-black/70 backdrop-blur-md z-50 flex items-center justify-center p-4">…</div> intercepts pointer events
      - retrying click action
        - waiting 20ms
        - waiting for element to be visible, enabled and stable
        - element is visible, enabled and stable
        - scrolling into view if needed
        - done scrolling
        - <div class="text-center">…</div> from <div class="fixed inset-0 bg-black/70 backdrop-blur-md z-50 flex items-center justify-center p-4">…</div> subtree intercepts pointer events
      2 × retrying click action
          - waiting 100ms
          - waiting for element to be visible, enabled and stable
          - element is visible, enabled and stable
          - scrolling into view if needed
          - done scrolling
          - <div data-testid="voice-input-dialog" class="card-glass rounded-3xl p-6 m-4 max-w-sm w-full shadow-2xl">…</div> from <div class="fixed inset-0 bg-black/70 backdrop-blur-md z-50 flex items-center justify-center p-4">…</div> subtree intercepts pointer events
      - retrying click action
        - waiting 500ms
        - waiting for element to be visible, enabled and stable
        - element is visible, enabled and stable
        - scrolling into view if needed
        - done scrolling
        - <div class="fixed inset-0 bg-black/70 backdrop-blur-md z-50 flex items-center justify-center p-4">…</div> intercepts pointer events
      - retrying click action
        - waiting 500ms
        - waiting for element to be visible, enabled and stable
        - element is visible, enabled and stable
        - scrolling into view if needed
        - done scrolling
        - <div class="text-center">…</div> from <div class="fixed inset-0 bg-black/70 backdrop-blur-md z-50 flex items-center justify-center p-4">…</div> subtree intercepts pointer events
      - retrying click action
        - waiting 500ms
        - waiting for element to be visible, enabled and stable
        - element is visible, enabled and stable
        - scrolling into view if needed
        - done scrolling
        - <div data-testid="voice-input-dialog" class="card-glass rounded-3xl p-6 m-4 max-w-sm w-full shadow-2xl">…</div> from <div class="fixed inset-0 bg-black/70 backdrop-blur-md z-50 flex items-center justify-center p-4">…</div> subtree intercepts pointer events
      - retrying click action
        - waiting 500ms
        - waiting for element to be visible, enabled and stable
        - element is visible, enabled and stable
        - scrolling into view if needed
        - done scrolling
        - <div class="mb-6">…</div> from <div class="fixed inset-0 bg-black/70 backdrop-blur-md z-50 flex items-center justify-center p-4">…</div> subtree intercepts pointer events
      11 × retrying click action
           - waiting 500ms
           - waiting for element to be visible, enabled and stable
           - element is visible, enabled and stable
           - scrolling into view if needed
           - done scrolling
           - <div class="fixed inset-0 bg-black/70 backdrop-blur-md z-50 flex items-center justify-center p-4">…</div> intercepts pointer events
         - retrying click action
           - waiting 500ms
           - waiting for element to be visible, enabled and stable
           - element is visible, enabled and stable
           - scrolling into view if needed
           - done scrolling
           - <div class="text-center">…</div> from <div class="fixed inset-0 bg-black/70 backdrop-blur-md z-50 flex items-center justify-center p-4">…</div> subtree intercepts pointer events
         - retrying click action
           - waiting 500ms
           - waiting for element to be visible, enabled and stable
           - element is visible, enabled and stable
           - scrolling into view if needed
           - done scrolling
           - <div data-testid="voice-input-dialog" class="card-glass rounded-3xl p-6 m-4 max-w-sm w-full shadow-2xl">…</div> from <div class="fixed inset-0 bg-black/70 backdrop-blur-md z-50 flex items-center justify-center p-4">…</div> subtree intercepts pointer events
         - retrying click action
           - waiting 500ms
           - waiting for element to be visible, enabled and stable
           - element is visible, enabled and stable
           - scrolling into view if needed
           - done scrolling
           - <div data-testid="voice-input-dialog" class="card-glass rounded-3xl p-6 m-4 max-w-sm w-full shadow-2xl">…</div> from <div class="fixed inset-0 bg-black/70 backdrop-blur-md z-50 flex items-center justify-center p-4">…</div> subtree intercepts pointer events
      - retrying click action
        - waiting 500ms
        - waiting for element to be visible, enabled and stable


      207 |       // Trigger text input
      208 |       await page.click('[data-testid="add-fab"]');
    > 209 |       await page.click('[data-testid="text-button"]');
          |                  ^
      210 |       await page.fill('[data-testid="text-input-field"]', '');
      211 |       await page.click('[data-testid="text-submit-button"]');
      212 |       
        at /Users/marcovhv/projects/GIT/caloriecounter/tests/e2e/api-integration.spec.ts:209:18

    attachment #1: screenshot (image/png) ──────────────────────────────────────────────────────────
    test-results/api-integration-API-Integr-b351a-se-food-API-error-responses-Mobile-Safari/test-failed-1.png
    ────────────────────────────────────────────────────────────────────────────────────────────────

    attachment #2: video (video/webm) ──────────────────────────────────────────────────────────────
    test-results/api-integration-API-Integr-b351a-se-food-API-error-responses-Mobile-Safari/video.webm
    ────────────────────────────────────────────────────────────────────────────────────────────────

    Error Context: ../../test-results/api-integration-API-Integr-b351a-se-food-API-error-responses-Mobile-Safari/error-context.md
]]>
</failure>
<system-out>
<![CDATA[
[[ATTACHMENT|api-integration-API-Integr-b351a-se-food-API-error-responses-Mobile-Safari/test-failed-1.png]]

[[ATTACHMENT|api-integration-API-Integr-b351a-se-food-API-error-responses-Mobile-Safari/video.webm]]

[[ATTACHMENT|api-integration-API-Integr-b351a-se-food-API-error-responses-Mobile-Safari/error-context.md]]
]]>
</system-out>
</testcase>
<testcase name="API Integration Tests › Parse Food API › should handle parse food API with different units preferences" classname="api-integration.spec.ts" time="30.962">
<failure message="api-integration.spec.ts:218:9 should handle parse food API with different units preferences" type="FAILURE">
<![CDATA[  [Mobile Safari] › api-integration.spec.ts:218:9 › API Integration Tests › Parse Food API › should handle parse food API with different units preferences 

    Test timeout of 30000ms exceeded.

    Error: page.click: Test timeout of 30000ms exceeded.
    Call log:
      - waiting for locator('[data-testid="text-button"]')
        - locator resolved to <button data-testid="text-button" class="card-glass card-glass-hover rounded-3xl p-6 text-center transition-all duration-300 shadow-2xl active:scale-95">…</button>
      - attempting click action
        - waiting for element to be visible, enabled and stable
        - element is visible, enabled and stable
        - scrolling into view if needed
        - done scrolling
        - <div class="text-center">…</div> from <div class="fixed inset-0 bg-black/70 backdrop-blur-md z-50 flex items-center justify-center p-4">…</div> subtree intercepts pointer events
      - retrying click action
        - waiting for element to be visible, enabled and stable
        - element is visible, enabled and stable
        - scrolling into view if needed
        - done scrolling
        - <div class="fixed inset-0 bg-black/70 backdrop-blur-md z-50 flex items-center justify-center p-4">…</div> intercepts pointer events
      - retrying click action
        - waiting 20ms
        - waiting for element to be visible, enabled and stable
        - element is visible, enabled and stable
        - scrolling into view if needed
        - done scrolling
        - <div class="text-center">…</div> from <div class="fixed inset-0 bg-black/70 backdrop-blur-md z-50 flex items-center justify-center p-4">…</div> subtree intercepts pointer events
      2 × retrying click action
          - waiting 100ms
          - waiting for element to be visible, enabled and stable
          - element is visible, enabled and stable
          - scrolling into view if needed
          - done scrolling
          - <div data-testid="voice-input-dialog" class="card-glass rounded-3xl p-6 m-4 max-w-sm w-full shadow-2xl">…</div> from <div class="fixed inset-0 bg-black/70 backdrop-blur-md z-50 flex items-center justify-center p-4">…</div> subtree intercepts pointer events
      7 × retrying click action
          - waiting 500ms
          - waiting for element to be visible, enabled and stable
          - element is visible, enabled and stable
          - scrolling into view if needed
          - done scrolling
          - <div class="fixed inset-0 bg-black/70 backdrop-blur-md z-50 flex items-center justify-center p-4">…</div> intercepts pointer events
        - retrying click action
          - waiting 500ms
          - waiting for element to be visible, enabled and stable
          - element is visible, enabled and stable
          - scrolling into view if needed
          - done scrolling
          - <div class="text-center">…</div> from <div class="fixed inset-0 bg-black/70 backdrop-blur-md z-50 flex items-center justify-center p-4">…</div> subtree intercepts pointer events
        - retrying click action
          - waiting 500ms
          - waiting for element to be visible, enabled and stable
          - element is visible, enabled and stable
          - scrolling into view if needed
          - done scrolling
          - <div data-testid="voice-input-dialog" class="card-glass rounded-3xl p-6 m-4 max-w-sm w-full shadow-2xl">…</div> from <div class="fixed inset-0 bg-black/70 backdrop-blur-md z-50 flex items-center justify-center p-4">…</div> subtree intercepts pointer events
        - retrying click action
          - waiting 500ms
          - waiting for element to be visible, enabled and stable
          - element is visible, enabled and stable
          - scrolling into view if needed
          - done scrolling
          - <div data-testid="voice-input-dialog" class="card-glass rounded-3xl p-6 m-4 max-w-sm w-full shadow-2xl">…</div> from <div class="fixed inset-0 bg-black/70 backdrop-blur-md z-50 flex items-center justify-center p-4">…</div> subtree intercepts pointer events
      - retrying click action
        - waiting 500ms
        - waiting for element to be visible, enabled and stable
        - element is visible, enabled and stable
        - scrolling into view if needed
        - done scrolling
        - <div class="fixed inset-0 bg-black/70 backdrop-blur-md z-50 flex items-center justify-center p-4">…</div> intercepts pointer events
      - retrying click action
        - waiting 500ms


      249 |       // Trigger text input
      250 |       await page.click('[data-testid="add-fab"]');
    > 251 |       await page.click('[data-testid="text-button"]');
          |                  ^
      252 |       await page.fill('[data-testid="text-input-field"]', 'chicken breast');
      253 |       await page.click('[data-testid="text-submit-button"]');
      254 |       
        at /Users/marcovhv/projects/GIT/caloriecounter/tests/e2e/api-integration.spec.ts:251:18

    attachment #1: screenshot (image/png) ──────────────────────────────────────────────────────────
    test-results/api-integration-API-Integr-46fd0-different-units-preferences-Mobile-Safari/test-failed-1.png
    ────────────────────────────────────────────────────────────────────────────────────────────────

    attachment #2: video (video/webm) ──────────────────────────────────────────────────────────────
    test-results/api-integration-API-Integr-46fd0-different-units-preferences-Mobile-Safari/video.webm
    ────────────────────────────────────────────────────────────────────────────────────────────────

    Error Context: ../../test-results/api-integration-API-Integr-46fd0-different-units-preferences-Mobile-Safari/error-context.md
]]>
</failure>
<system-out>
<![CDATA[
[[ATTACHMENT|api-integration-API-Integr-46fd0-different-units-preferences-Mobile-Safari/test-failed-1.png]]

[[ATTACHMENT|api-integration-API-Integr-46fd0-different-units-preferences-Mobile-Safari/video.webm]]

[[ATTACHMENT|api-integration-API-Integr-46fd0-different-units-preferences-Mobile-Safari/error-context.md]]
]]>
</system-out>
</testcase>
<testcase name="API Integration Tests › Parse Food API › should handle parse food API network errors" classname="api-integration.spec.ts" time="30.915">
<failure message="api-integration.spec.ts:262:9 should handle parse food API network errors" type="FAILURE">
<![CDATA[  [Mobile Safari] › api-integration.spec.ts:262:9 › API Integration Tests › Parse Food API › should handle parse food API network errors 

    Test timeout of 30000ms exceeded.

    Error: page.click: Test timeout of 30000ms exceeded.
    Call log:
      - waiting for locator('[data-testid="text-button"]')
        - locator resolved to <button data-testid="text-button" class="card-glass card-glass-hover rounded-3xl p-6 text-center transition-all duration-300 shadow-2xl active:scale-95">…</button>
      - attempting click action
        - waiting for element to be visible, enabled and stable
        - element is visible, enabled and stable
        - scrolling into view if needed
        - done scrolling
        - <div class="text-center">…</div> from <div class="fixed inset-0 bg-black/70 backdrop-blur-md z-50 flex items-center justify-center p-4">…</div> subtree intercepts pointer events
      - retrying click action
        - waiting for element to be visible, enabled and stable
        - element is visible, enabled and stable
        - scrolling into view if needed
        - done scrolling
        - <div class="fixed inset-0 bg-black/70 backdrop-blur-md z-50 flex items-center justify-center p-4">…</div> intercepts pointer events
      - retrying click action
        - waiting 20ms
        - waiting for element to be visible, enabled and stable
        - element is visible, enabled and stable
        - scrolling into view if needed
        - done scrolling
        - <div class="text-center">…</div> from <div class="fixed inset-0 bg-black/70 backdrop-blur-md z-50 flex items-center justify-center p-4">…</div> subtree intercepts pointer events
      2 × retrying click action
          - waiting 100ms
          - waiting for element to be visible, enabled and stable
          - element is visible, enabled and stable
          - scrolling into view if needed
          - done scrolling
          - <div data-testid="voice-input-dialog" class="card-glass rounded-3xl p-6 m-4 max-w-sm w-full shadow-2xl">…</div> from <div class="fixed inset-0 bg-black/70 backdrop-blur-md z-50 flex items-center justify-center p-4">…</div> subtree intercepts pointer events
      12 × retrying click action
           - waiting 500ms
           - waiting for element to be visible, enabled and stable
           - element is visible, enabled and stable
           - scrolling into view if needed
           - done scrolling
           - <div class="fixed inset-0 bg-black/70 backdrop-blur-md z-50 flex items-center justify-center p-4">…</div> intercepts pointer events
         - retrying click action
           - waiting 500ms
           - waiting for element to be visible, enabled and stable
           - element is visible, enabled and stable
           - scrolling into view if needed
           - done scrolling
           - <div class="text-center">…</div> from <div class="fixed inset-0 bg-black/70 backdrop-blur-md z-50 flex items-center justify-center p-4">…</div> subtree intercepts pointer events
         - retrying click action
           - waiting 500ms
           - waiting for element to be visible, enabled and stable
           - element is visible, enabled and stable
           - scrolling into view if needed
           - done scrolling
           - <div data-testid="voice-input-dialog" class="card-glass rounded-3xl p-6 m-4 max-w-sm w-full shadow-2xl">…</div> from <div class="fixed inset-0 bg-black/70 backdrop-blur-md z-50 flex items-center justify-center p-4">…</div> subtree intercepts pointer events
         - retrying click action
           - waiting 500ms
           - waiting for element to be visible, enabled and stable
           - element is visible, enabled and stable
           - scrolling into view if needed
           - done scrolling
           - <div data-testid="voice-input-dialog" class="card-glass rounded-3xl p-6 m-4 max-w-sm w-full shadow-2xl">…</div> from <div class="fixed inset-0 bg-black/70 backdrop-blur-md z-50 flex items-center justify-center p-4">…</div> subtree intercepts pointer events
      - retrying click action
        - waiting 500ms
        - waiting for element to be visible, enabled and stable
        - element is visible, enabled and stable
        - scrolling into view if needed
        - done scrolling
        - <div class="fixed inset-0 bg-black/70 backdrop-blur-md z-50 flex items-center justify-center p-4">…</div> intercepts pointer events
      - retrying click action
        - waiting 500ms


      270 |       // Trigger text input
      271 |       await page.click('[data-testid="add-fab"]');
    > 272 |       await page.click('[data-testid="text-button"]');
          |                  ^
      273 |       await page.fill('[data-testid="text-input-field"]', 'apple');
      274 |       await page.click('[data-testid="text-submit-button"]');
      275 |       
        at /Users/marcovhv/projects/GIT/caloriecounter/tests/e2e/api-integration.spec.ts:272:18

    attachment #1: screenshot (image/png) ──────────────────────────────────────────────────────────
    test-results/api-integration-API-Integr-e41fb-rse-food-API-network-errors-Mobile-Safari/test-failed-1.png
    ────────────────────────────────────────────────────────────────────────────────────────────────

    attachment #2: video (video/webm) ──────────────────────────────────────────────────────────────
    test-results/api-integration-API-Integr-e41fb-rse-food-API-network-errors-Mobile-Safari/video.webm
    ────────────────────────────────────────────────────────────────────────────────────────────────

    Error Context: ../../test-results/api-integration-API-Integr-e41fb-rse-food-API-network-errors-Mobile-Safari/error-context.md
]]>
</failure>
<system-out>
<![CDATA[
[[ATTACHMENT|api-integration-API-Integr-e41fb-rse-food-API-network-errors-Mobile-Safari/test-failed-1.png]]

[[ATTACHMENT|api-integration-API-Integr-e41fb-rse-food-API-network-errors-Mobile-Safari/video.webm]]

[[ATTACHMENT|api-integration-API-Integr-e41fb-rse-food-API-network-errors-Mobile-Safari/error-context.md]]
]]>
</system-out>
</testcase>
<testcase name="API Integration Tests › API Error Handling › should handle failed requests" classname="api-integration.spec.ts" time="30.153">
<failure message="api-integration.spec.ts:283:9 should handle failed requests" type="FAILURE">
<![CDATA[  [Mobile Safari] › api-integration.spec.ts:283:9 › API Integration Tests › API Error Handling › should handle failed requests 

    Test timeout of 30000ms exceeded.

    Error: page.click: Test timeout of 30000ms exceeded.
    Call log:
      - waiting for locator('[data-testid="text-button"]')
        - locator resolved to <button data-testid="text-button" class="card-glass card-glass-hover rounded-3xl p-6 text-center transition-all duration-300 shadow-2xl active:scale-95">…</button>
      - attempting click action
        - waiting for element to be visible, enabled and stable
        - element is visible, enabled and stable
        - scrolling into view if needed
        - done scrolling
        - <div class="text-center">…</div> from <div class="fixed inset-0 bg-black/70 backdrop-blur-md z-50 flex items-center justify-center p-4">…</div> subtree intercepts pointer events
      - retrying click action
        - waiting for element to be visible, enabled and stable
        - element is visible, enabled and stable
        - scrolling into view if needed
        - done scrolling
        - <div class="fixed inset-0 bg-black/70 backdrop-blur-md z-50 flex items-center justify-center p-4">…</div> intercepts pointer events
      - retrying click action
        - waiting 20ms
        - waiting for element to be visible, enabled and stable
        - element is visible, enabled and stable
        - scrolling into view if needed
        - done scrolling
        - <div class="text-center">…</div> from <div class="fixed inset-0 bg-black/70 backdrop-blur-md z-50 flex items-center justify-center p-4">…</div> subtree intercepts pointer events
      2 × retrying click action
          - waiting 100ms
          - waiting for element to be visible, enabled and stable
          - element is visible, enabled and stable
          - scrolling into view if needed
          - done scrolling
          - <div data-testid="voice-input-dialog" class="card-glass rounded-3xl p-6 m-4 max-w-sm w-full shadow-2xl">…</div> from <div class="fixed inset-0 bg-black/70 backdrop-blur-md z-50 flex items-center justify-center p-4">…</div> subtree intercepts pointer events
      11 × retrying click action
           - waiting 500ms
           - waiting for element to be visible, enabled and stable
           - element is visible, enabled and stable
           - scrolling into view if needed
           - done scrolling
           - <div class="fixed inset-0 bg-black/70 backdrop-blur-md z-50 flex items-center justify-center p-4">…</div> intercepts pointer events
         - retrying click action
           - waiting 500ms
           - waiting for element to be visible, enabled and stable
           - element is visible, enabled and stable
           - scrolling into view if needed
           - done scrolling
           - <div class="text-center">…</div> from <div class="fixed inset-0 bg-black/70 backdrop-blur-md z-50 flex items-center justify-center p-4">…</div> subtree intercepts pointer events
         - retrying click action
           - waiting 500ms
           - waiting for element to be visible, enabled and stable
           - element is visible, enabled and stable
           - scrolling into view if needed
           - done scrolling
           - <div data-testid="voice-input-dialog" class="card-glass rounded-3xl p-6 m-4 max-w-sm w-full shadow-2xl">…</div> from <div class="fixed inset-0 bg-black/70 backdrop-blur-md z-50 flex items-center justify-center p-4">…</div> subtree intercepts pointer events
         - retrying click action
           - waiting 500ms
           - waiting for element to be visible, enabled and stable
           - element is visible, enabled and stable
           - scrolling into view if needed
           - done scrolling
           - <div data-testid="voice-input-dialog" class="card-glass rounded-3xl p-6 m-4 max-w-sm w-full shadow-2xl">…</div> from <div class="fixed inset-0 bg-black/70 backdrop-blur-md z-50 flex items-center justify-center p-4">…</div> subtree intercepts pointer events
      - retrying click action
        - waiting 500ms


      291 |       // Trigger text input
      292 |       await page.click('[data-testid="add-fab"]');
    > 293 |       await page.click('[data-testid="text-button"]');
          |                  ^
      294 |       await page.fill('[data-testid="text-input-field"]', 'apple');
      295 |       await page.click('[data-testid="text-submit-button"]');
      296 |
        at /Users/marcovhv/projects/GIT/caloriecounter/tests/e2e/api-integration.spec.ts:293:18

    attachment #1: screenshot (image/png) ──────────────────────────────────────────────────────────
    test-results/api-integration-API-Integr-64c6c-ould-handle-failed-requests-Mobile-Safari/test-failed-1.png
    ────────────────────────────────────────────────────────────────────────────────────────────────

    attachment #2: video (video/webm) ──────────────────────────────────────────────────────────────
    test-results/api-integration-API-Integr-64c6c-ould-handle-failed-requests-Mobile-Safari/video.webm
    ────────────────────────────────────────────────────────────────────────────────────────────────

    Error Context: ../../test-results/api-integration-API-Integr-64c6c-ould-handle-failed-requests-Mobile-Safari/error-context.md
]]>
</failure>
<system-out>
<![CDATA[
[[ATTACHMENT|api-integration-API-Integr-64c6c-ould-handle-failed-requests-Mobile-Safari/test-failed-1.png]]

[[ATTACHMENT|api-integration-API-Integr-64c6c-ould-handle-failed-requests-Mobile-Safari/video.webm]]

[[ATTACHMENT|api-integration-API-Integr-64c6c-ould-handle-failed-requests-Mobile-Safari/error-context.md]]
]]>
</system-out>
</testcase>
<testcase name="API Integration Tests › API Error Handling › should handle malformed API responses" classname="api-integration.spec.ts" time="30.369">
<failure message="api-integration.spec.ts:302:9 should handle malformed API responses" type="FAILURE">
<![CDATA[  [Mobile Safari] › api-integration.spec.ts:302:9 › API Integration Tests › API Error Handling › should handle malformed API responses 

    Test timeout of 30000ms exceeded.

    Error: page.click: Test timeout of 30000ms exceeded.
    Call log:
      - waiting for locator('[data-testid="text-button"]')
        - locator resolved to <button data-testid="text-button" class="card-glass card-glass-hover rounded-3xl p-6 text-center transition-all duration-300 shadow-2xl active:scale-95">…</button>
      - attempting click action
        - waiting for element to be visible, enabled and stable
        - element is visible, enabled and stable
        - scrolling into view if needed
        - done scrolling
        - <div class="text-center">…</div> from <div class="fixed inset-0 bg-black/70 backdrop-blur-md z-50 flex items-center justify-center p-4">…</div> subtree intercepts pointer events
      - retrying click action
        - waiting for element to be visible, enabled and stable
        - element is visible, enabled and stable
        - scrolling into view if needed
        - done scrolling
        - <div class="fixed inset-0 bg-black/70 backdrop-blur-md z-50 flex items-center justify-center p-4">…</div> intercepts pointer events
      - retrying click action
        - waiting 20ms
        - waiting for element to be visible, enabled and stable
        - element is visible, enabled and stable
        - scrolling into view if needed
        - done scrolling
        - <div class="text-center">…</div> from <div class="fixed inset-0 bg-black/70 backdrop-blur-md z-50 flex items-center justify-center p-4">…</div> subtree intercepts pointer events
      2 × retrying click action
          - waiting 100ms
          - waiting for element to be visible, enabled and stable
          - element is visible, enabled and stable
          - scrolling into view if needed
          - done scrolling
          - <div data-testid="voice-input-dialog" class="card-glass rounded-3xl p-6 m-4 max-w-sm w-full shadow-2xl">…</div> from <div class="fixed inset-0 bg-black/70 backdrop-blur-md z-50 flex items-center justify-center p-4">…</div> subtree intercepts pointer events
      11 × retrying click action
           - waiting 500ms
           - waiting for element to be visible, enabled and stable
           - element is visible, enabled and stable
           - scrolling into view if needed
           - done scrolling
           - <div class="fixed inset-0 bg-black/70 backdrop-blur-md z-50 flex items-center justify-center p-4">…</div> intercepts pointer events
         - retrying click action
           - waiting 500ms
           - waiting for element to be visible, enabled and stable
           - element is visible, enabled and stable
           - scrolling into view if needed
           - done scrolling
           - <div class="text-center">…</div> from <div class="fixed inset-0 bg-black/70 backdrop-blur-md z-50 flex items-center justify-center p-4">…</div> subtree intercepts pointer events
         - retrying click action
           - waiting 500ms
           - waiting for element to be visible, enabled and stable
           - element is visible, enabled and stable
           - scrolling into view if needed
           - done scrolling
           - <div data-testid="voice-input-dialog" class="card-glass rounded-3xl p-6 m-4 max-w-sm w-full shadow-2xl">…</div> from <div class="fixed inset-0 bg-black/70 backdrop-blur-md z-50 flex items-center justify-center p-4">…</div> subtree intercepts pointer events
         - retrying click action
           - waiting 500ms
           - waiting for element to be visible, enabled and stable
           - element is visible, enabled and stable
           - scrolling into view if needed
           - done scrolling
           - <div data-testid="voice-input-dialog" class="card-glass rounded-3xl p-6 m-4 max-w-sm w-full shadow-2xl">…</div> from <div class="fixed inset-0 bg-black/70 backdrop-blur-md z-50 flex items-center justify-center p-4">…</div> subtree intercepts pointer events
      - retrying click action
        - waiting 500ms
        - waiting for element to be visible, enabled and stable
        - element is visible, enabled and stable
        - scrolling into view if needed
        - done scrolling
        - <div class="fixed inset-0 bg-black/70 backdrop-blur-md z-50 flex items-center justify-center p-4">…</div> intercepts pointer events
      - retrying click action
        - waiting 500ms
        - waiting for element to be visible, enabled and stable
        - element is visible, enabled and stable
        - scrolling into view if needed
        - done scrolling
        - <div class="text-center">…</div> from <div class="fixed inset-0 bg-black/70 backdrop-blur-md z-50 flex items-center justify-center p-4">…</div> subtree intercepts pointer events
      - retrying click action
        - waiting 500ms
        - waiting for element to be visible, enabled and stable
        - element is visible, enabled and stable
        - scrolling into view if needed
        - done scrolling


      314 |       // Trigger text input
      315 |       await page.click('[data-testid="add-fab"]');
    > 316 |       await page.click('[data-testid="text-button"]');
          |                  ^
      317 |       await page.fill('[data-testid="text-input-field"]', 'apple');
      318 |       await page.click('[data-testid="text-submit-button"]');
      319 |       
        at /Users/marcovhv/projects/GIT/caloriecounter/tests/e2e/api-integration.spec.ts:316:18

    attachment #1: screenshot (image/png) ──────────────────────────────────────────────────────────
    test-results/api-integration-API-Integr-cfe22-dle-malformed-API-responses-Mobile-Safari/test-failed-1.png
    ────────────────────────────────────────────────────────────────────────────────────────────────

    attachment #2: video (video/webm) ──────────────────────────────────────────────────────────────
    test-results/api-integration-API-Integr-cfe22-dle-malformed-API-responses-Mobile-Safari/video.webm
    ────────────────────────────────────────────────────────────────────────────────────────────────

    Error Context: ../../test-results/api-integration-API-Integr-cfe22-dle-malformed-API-responses-Mobile-Safari/error-context.md
]]>
</failure>
<system-out>
<![CDATA[
[[ATTACHMENT|api-integration-API-Integr-cfe22-dle-malformed-API-responses-Mobile-Safari/test-failed-1.png]]

[[ATTACHMENT|api-integration-API-Integr-cfe22-dle-malformed-API-responses-Mobile-Safari/video.webm]]

[[ATTACHMENT|api-integration-API-Integr-cfe22-dle-malformed-API-responses-Mobile-Safari/error-context.md]]
]]>
</system-out>
</testcase>
<testcase name="API Integration Tests › API Error Handling › should handle offline state gracefully" classname="api-integration.spec.ts" time="30.289">
<failure message="api-integration.spec.ts:324:9 should handle offline state gracefully" type="FAILURE">
<![CDATA[  [Mobile Safari] › api-integration.spec.ts:324:9 › API Integration Tests › API Error Handling › should handle offline state gracefully 

    Test timeout of 30000ms exceeded.

    Error: page.click: Test timeout of 30000ms exceeded.
    Call log:
      - waiting for locator('[data-testid="text-button"]')
        - locator resolved to <button data-testid="text-button" class="card-glass card-glass-hover rounded-3xl p-6 text-center transition-all duration-300 shadow-2xl active:scale-95">…</button>
      - attempting click action
        - waiting for element to be visible, enabled and stable
        - element is visible, enabled and stable
        - scrolling into view if needed
        - done scrolling
        - <div class="text-center">…</div> from <div class="fixed inset-0 bg-black/70 backdrop-blur-md z-50 flex items-center justify-center p-4">…</div> subtree intercepts pointer events
      - retrying click action
        - waiting for element to be visible, enabled and stable
        - element is visible, enabled and stable
        - scrolling into view if needed
        - done scrolling
        - <div class="fixed inset-0 bg-black/70 backdrop-blur-md z-50 flex items-center justify-center p-4">…</div> intercepts pointer events
      - retrying click action
        - waiting 20ms
        - waiting for element to be visible, enabled and stable
        - element is visible, enabled and stable
        - scrolling into view if needed
        - done scrolling
        - <div class="text-center">…</div> from <div class="fixed inset-0 bg-black/70 backdrop-blur-md z-50 flex items-center justify-center p-4">…</div> subtree intercepts pointer events
      2 × retrying click action
          - waiting 100ms
          - waiting for element to be visible, enabled and stable
          - element is visible, enabled and stable
          - scrolling into view if needed
          - done scrolling
          - <div data-testid="voice-input-dialog" class="card-glass rounded-3xl p-6 m-4 max-w-sm w-full shadow-2xl">…</div> from <div class="fixed inset-0 bg-black/70 backdrop-blur-md z-50 flex items-center justify-center p-4">…</div> subtree intercepts pointer events
      11 × retrying click action
           - waiting 500ms
           - waiting for element to be visible, enabled and stable
           - element is visible, enabled and stable
           - scrolling into view if needed
           - done scrolling
           - <div class="fixed inset-0 bg-black/70 backdrop-blur-md z-50 flex items-center justify-center p-4">…</div> intercepts pointer events
         - retrying click action
           - waiting 500ms
           - waiting for element to be visible, enabled and stable
           - element is visible, enabled and stable
           - scrolling into view if needed
           - done scrolling
           - <div class="text-center">…</div> from <div class="fixed inset-0 bg-black/70 backdrop-blur-md z-50 flex items-center justify-center p-4">…</div> subtree intercepts pointer events
         - retrying click action
           - waiting 500ms
           - waiting for element to be visible, enabled and stable
           - element is visible, enabled and stable
           - scrolling into view if needed
           - done scrolling
           - <div data-testid="voice-input-dialog" class="card-glass rounded-3xl p-6 m-4 max-w-sm w-full shadow-2xl">…</div> from <div class="fixed inset-0 bg-black/70 backdrop-blur-md z-50 flex items-center justify-center p-4">…</div> subtree intercepts pointer events
         - retrying click action
           - waiting 500ms
           - waiting for element to be visible, enabled and stable
           - element is visible, enabled and stable
           - scrolling into view if needed
           - done scrolling
           - <div data-testid="voice-input-dialog" class="card-glass rounded-3xl p-6 m-4 max-w-sm w-full shadow-2xl">…</div> from <div class="fixed inset-0 bg-black/70 backdrop-blur-md z-50 flex items-center justify-center p-4">…</div> subtree intercepts pointer events
      - retrying click action
        - waiting 500ms
        - waiting for element to be visible, enabled and stable
        - element is visible, enabled and stable
        - scrolling into view if needed
        - done scrolling
        - <div class="fixed inset-0 bg-black/70 backdrop-blur-md z-50 flex items-center justify-center p-4">…</div> intercepts pointer events
      - retrying click action
        - waiting 500ms
        - waiting for element to be visible, enabled and stable
        - element is visible, enabled and stable
        - scrolling into view if needed
        - done scrolling
        - <div class="text-center">…</div> from <div class="fixed inset-0 bg-black/70 backdrop-blur-md z-50 flex items-center justify-center p-4">…</div> subtree intercepts pointer events
      - retrying click action
        - waiting 500ms


      330 |       // Try to use API-dependent feature
      331 |       await page.click('[data-testid="add-fab"]');
    > 332 |       await page.click('[data-testid="text-button"]');
          |                  ^
      333 |       await page.fill('[data-testid="text-input-field"]', 'apple');
      334 |       await page.click('[data-testid="text-submit-button"]');
      335 |       
        at /Users/marcovhv/projects/GIT/caloriecounter/tests/e2e/api-integration.spec.ts:332:18

    attachment #1: screenshot (image/png) ──────────────────────────────────────────────────────────
    test-results/api-integration-API-Integr-e3f45-le-offline-state-gracefully-Mobile-Safari/test-failed-1.png
    ────────────────────────────────────────────────────────────────────────────────────────────────

    attachment #2: video (video/webm) ──────────────────────────────────────────────────────────────
    test-results/api-integration-API-Integr-e3f45-le-offline-state-gracefully-Mobile-Safari/video.webm
    ────────────────────────────────────────────────────────────────────────────────────────────────

    Error Context: ../../test-results/api-integration-API-Integr-e3f45-le-offline-state-gracefully-Mobile-Safari/error-context.md
]]>
</failure>
<system-out>
<![CDATA[
[[ATTACHMENT|api-integration-API-Integr-e3f45-le-offline-state-gracefully-Mobile-Safari/test-failed-1.png]]

[[ATTACHMENT|api-integration-API-Integr-e3f45-le-offline-state-gracefully-Mobile-Safari/video.webm]]

[[ATTACHMENT|api-integration-API-Integr-e3f45-le-offline-state-gracefully-Mobile-Safari/error-context.md]]
]]>
</system-out>
</testcase>
</testsuite>
<testsuite name="basic-app.spec.ts" timestamp="2025-07-09T06:01:38.950Z" hostname="Mobile Safari" tests="5" failures="0" skipped="0" time="17.014" errors="0">
<testcase name="Basic App Tests › should load the main page" classname="basic-app.spec.ts" time="3.356">
</testcase>
<testcase name="Basic App Tests › should have no console errors on load" classname="basic-app.spec.ts" time="3.235">
</testcase>
<testcase name="Basic App Tests › should be responsive" classname="basic-app.spec.ts" time="3.732">
</testcase>
<testcase name="Basic App Tests › should handle navigation" classname="basic-app.spec.ts" time="3.778">
</testcase>
<testcase name="Basic App Tests › should have proper meta tags" classname="basic-app.spec.ts" time="2.913">
</testcase>
</testsuite>
<testsuite name="core-app.spec.ts" timestamp="2025-07-09T06:01:38.950Z" hostname="Mobile Safari" tests="10" failures="0" skipped="0" time="37.736" errors="0">
<testcase name="Core App Functionality › should load the main page successfully" classname="core-app.spec.ts" time="3.52">
</testcase>
<testcase name="Core App Functionality › should display the tabbed totals card with correct tabs" classname="core-app.spec.ts" time="3.389">
</testcase>
<testcase name="Core App Functionality › should switch between macro tabs correctly" classname="core-app.spec.ts" time="3.814">
</testcase>
<testcase name="Core App Functionality › should display the Add FAB with all input options" classname="core-app.spec.ts" time="2.871">
</testcase>
<testcase name="Core App Functionality › should display empty entry list initially" classname="core-app.spec.ts" time="2.638">
</testcase>
<testcase name="Core App Functionality › should display entries when data is present" classname="core-app.spec.ts" time="7.138">
</testcase>
<testcase name="Core App Functionality › should navigate to history page" classname="core-app.spec.ts" time="3.623">
</testcase>
<testcase name="Core App Functionality › should navigate to settings page" classname="core-app.spec.ts" time="4.311">
</testcase>
<testcase name="Core App Functionality › should handle app loading states gracefully" classname="core-app.spec.ts" time="3.888">
</testcase>
<testcase name="Core App Functionality › should display PWA install banner when appropriate" classname="core-app.spec.ts" time="2.544">
</testcase>
</testsuite>
<testsuite name="data-persistence.spec.ts" timestamp="2025-07-09T06:01:38.950Z" hostname="Mobile Safari" tests="15" failures="12" skipped="0" time="363.234" errors="0">
<testcase name="Data Persistence Tests › IndexedDB Operations › should initialize IndexedDB on app load" classname="data-persistence.spec.ts" time="2.475">
</testcase>
<testcase name="Data Persistence Tests › IndexedDB Operations › should create entries object store" classname="data-persistence.spec.ts" time="2.657">
</testcase>
<testcase name="Data Persistence Tests › IndexedDB Operations › should persist data across page reloads" classname="data-persistence.spec.ts" time="30.173">
<failure message="data-persistence.spec.ts:54:9 should persist data across page reloads" type="FAILURE">
<![CDATA[  [Mobile Safari] › data-persistence.spec.ts:54:9 › Data Persistence Tests › IndexedDB Operations › should persist data across page reloads 

    Test timeout of 30000ms exceeded.

    Error: page.click: Test timeout of 30000ms exceeded.
    Call log:
      - waiting for locator('[data-testid="text-button"]')
        - locator resolved to <button data-testid="text-button" class="card-glass card-glass-hover rounded-3xl p-6 text-center transition-all duration-300 shadow-2xl active:scale-95">…</button>
      - attempting click action
        - waiting for element to be visible, enabled and stable
        - element is visible, enabled and stable
        - scrolling into view if needed
        - done scrolling
        - <div class="text-center">…</div> from <div class="fixed inset-0 bg-black/70 backdrop-blur-md z-50 flex items-center justify-center p-4">…</div> subtree intercepts pointer events
      - retrying click action
        - waiting for element to be visible, enabled and stable
        - element is visible, enabled and stable
        - scrolling into view if needed
        - done scrolling
        - <div class="fixed inset-0 bg-black/70 backdrop-blur-md z-50 flex items-center justify-center p-4">…</div> intercepts pointer events
      - retrying click action
        - waiting 20ms
        - waiting for element to be visible, enabled and stable
        - element is visible, enabled and stable
        - scrolling into view if needed
        - done scrolling
        - <div class="text-center">…</div> from <div class="fixed inset-0 bg-black/70 backdrop-blur-md z-50 flex items-center justify-center p-4">…</div> subtree intercepts pointer events
      2 × retrying click action
          - waiting 100ms
          - waiting for element to be visible, enabled and stable
          - element is visible, enabled and stable
          - scrolling into view if needed
          - done scrolling
          - <div data-testid="voice-input-dialog" class="card-glass rounded-3xl p-6 m-4 max-w-sm w-full shadow-2xl">…</div> from <div class="fixed inset-0 bg-black/70 backdrop-blur-md z-50 flex items-center justify-center p-4">…</div> subtree intercepts pointer events
      12 × retrying click action
           - waiting 500ms
           - waiting for element to be visible, enabled and stable
           - element is visible, enabled and stable
           - scrolling into view if needed
           - done scrolling
           - <div class="fixed inset-0 bg-black/70 backdrop-blur-md z-50 flex items-center justify-center p-4">…</div> intercepts pointer events
         - retrying click action
           - waiting 500ms
           - waiting for element to be visible, enabled and stable
           - element is visible, enabled and stable
           - scrolling into view if needed
           - done scrolling
           - <div class="text-center">…</div> from <div class="fixed inset-0 bg-black/70 backdrop-blur-md z-50 flex items-center justify-center p-4">…</div> subtree intercepts pointer events
         - retrying click action
           - waiting 500ms
           - waiting for element to be visible, enabled and stable
           - element is visible, enabled and stable
           - scrolling into view if needed
           - done scrolling
           - <div data-testid="voice-input-dialog" class="card-glass rounded-3xl p-6 m-4 max-w-sm w-full shadow-2xl">…</div> from <div class="fixed inset-0 bg-black/70 backdrop-blur-md z-50 flex items-center justify-center p-4">…</div> subtree intercepts pointer events
         - retrying click action
           - waiting 500ms
           - waiting for element to be visible, enabled and stable
           - element is visible, enabled and stable
           - scrolling into view if needed
           - done scrolling
           - <div data-testid="voice-input-dialog" class="card-glass rounded-3xl p-6 m-4 max-w-sm w-full shadow-2xl">…</div> from <div class="fixed inset-0 bg-black/70 backdrop-blur-md z-50 flex items-center justify-center p-4">…</div> subtree intercepts pointer events
      - retrying click action
        - waiting 500ms
        - waiting for element to be visible, enabled and stable
        - element is visible, enabled and stable
        - scrolling into view if needed
        - done scrolling
        - <div class="fixed inset-0 bg-black/70 backdrop-blur-md z-50 flex items-center justify-center p-4">…</div> intercepts pointer events
      - retrying click action
        - waiting 500ms
        - waiting for element to be visible, enabled and stable


      57 |       // Add an entry
      58 |       await page.click('[data-testid="add-fab"]');
    > 59 |       await page.click('[data-testid="text-button"]');
         |                  ^
      60 |       await page.fill('[data-testid="text-input-field"]', 'apple');
      61 |       await page.click('[data-testid="text-submit-button"]');
      62 |       await helpers.waitForDialog('[data-testid="food-confirm-dialog"]');
        at /Users/marcovhv/projects/GIT/caloriecounter/tests/e2e/data-persistence.spec.ts:59:18

    attachment #1: screenshot (image/png) ──────────────────────────────────────────────────────────
    test-results/data-persistence-Data-Pers-06fa9-st-data-across-page-reloads-Mobile-Safari/test-failed-1.png
    ────────────────────────────────────────────────────────────────────────────────────────────────

    attachment #2: video (video/webm) ──────────────────────────────────────────────────────────────
    test-results/data-persistence-Data-Pers-06fa9-st-data-across-page-reloads-Mobile-Safari/video.webm
    ────────────────────────────────────────────────────────────────────────────────────────────────

    Error Context: ../../test-results/data-persistence-Data-Pers-06fa9-st-data-across-page-reloads-Mobile-Safari/error-context.md
]]>
</failure>
<system-out>
<![CDATA[
[[ATTACHMENT|data-persistence-Data-Pers-06fa9-st-data-across-page-reloads-Mobile-Safari/test-failed-1.png]]

[[ATTACHMENT|data-persistence-Data-Pers-06fa9-st-data-across-page-reloads-Mobile-Safari/video.webm]]

[[ATTACHMENT|data-persistence-Data-Pers-06fa9-st-data-across-page-reloads-Mobile-Safari/error-context.md]]
]]>
</system-out>
</testcase>
<testcase name="Data Persistence Tests › IndexedDB Operations › should handle IndexedDB errors gracefully" classname="data-persistence.spec.ts" time="2.249">
</testcase>
<testcase name="Data Persistence Tests › Entry CRUD Operations › should create new entries" classname="data-persistence.spec.ts" time="30.299">
<failure message="data-persistence.spec.ts:89:9 should create new entries" type="FAILURE">
<![CDATA[  [Mobile Safari] › data-persistence.spec.ts:89:9 › Data Persistence Tests › Entry CRUD Operations › should create new entries 

    Test timeout of 30000ms exceeded.

    Error: page.click: Test timeout of 30000ms exceeded.
    Call log:
      - waiting for locator('[data-testid="text-button"]')
        - locator resolved to <button data-testid="text-button" class="card-glass card-glass-hover rounded-3xl p-6 text-center transition-all duration-300 shadow-2xl active:scale-95">…</button>
      - attempting click action
        - waiting for element to be visible, enabled and stable
        - element is visible, enabled and stable
        - scrolling into view if needed
        - done scrolling
        - <div class="text-center">…</div> from <div class="fixed inset-0 bg-black/70 backdrop-blur-md z-50 flex items-center justify-center p-4">…</div> subtree intercepts pointer events
      - retrying click action
        - waiting for element to be visible, enabled and stable
        - element is visible, enabled and stable
        - scrolling into view if needed
        - done scrolling
        - <div class="fixed inset-0 bg-black/70 backdrop-blur-md z-50 flex items-center justify-center p-4">…</div> intercepts pointer events
      - retrying click action
        - waiting 20ms
        - waiting for element to be visible, enabled and stable
        - element is visible, enabled and stable
        - scrolling into view if needed
        - done scrolling
        - <div class="text-center">…</div> from <div class="fixed inset-0 bg-black/70 backdrop-blur-md z-50 flex items-center justify-center p-4">…</div> subtree intercepts pointer events
      2 × retrying click action
          - waiting 100ms
          - waiting for element to be visible, enabled and stable
          - element is visible, enabled and stable
          - scrolling into view if needed
          - done scrolling
          - <div data-testid="voice-input-dialog" class="card-glass rounded-3xl p-6 m-4 max-w-sm w-full shadow-2xl">…</div> from <div class="fixed inset-0 bg-black/70 backdrop-blur-md z-50 flex items-center justify-center p-4">…</div> subtree intercepts pointer events
      12 × retrying click action
           - waiting 500ms
           - waiting for element to be visible, enabled and stable
           - element is visible, enabled and stable
           - scrolling into view if needed
           - done scrolling
           - <div class="fixed inset-0 bg-black/70 backdrop-blur-md z-50 flex items-center justify-center p-4">…</div> intercepts pointer events
         - retrying click action
           - waiting 500ms
           - waiting for element to be visible, enabled and stable
           - element is visible, enabled and stable
           - scrolling into view if needed
           - done scrolling
           - <div class="text-center">…</div> from <div class="fixed inset-0 bg-black/70 backdrop-blur-md z-50 flex items-center justify-center p-4">…</div> subtree intercepts pointer events
         - retrying click action
           - waiting 500ms
           - waiting for element to be visible, enabled and stable
           - element is visible, enabled and stable
           - scrolling into view if needed
           - done scrolling
           - <div data-testid="voice-input-dialog" class="card-glass rounded-3xl p-6 m-4 max-w-sm w-full shadow-2xl">…</div> from <div class="fixed inset-0 bg-black/70 backdrop-blur-md z-50 flex items-center justify-center p-4">…</div> subtree intercepts pointer events
         - retrying click action
           - waiting 500ms
           - waiting for element to be visible, enabled and stable
           - element is visible, enabled and stable
           - scrolling into view if needed
           - done scrolling
           - <div data-testid="voice-input-dialog" class="card-glass rounded-3xl p-6 m-4 max-w-sm w-full shadow-2xl">…</div> from <div class="fixed inset-0 bg-black/70 backdrop-blur-md z-50 flex items-center justify-center p-4">…</div> subtree intercepts pointer events
      - retrying click action
        - waiting 500ms
        - waiting for element to be visible, enabled and stable
        - element is visible, enabled and stable
        - scrolling into view if needed
        - done scrolling
        - <div class="fixed inset-0 bg-black/70 backdrop-blur-md z-50 flex items-center justify-center p-4">…</div> intercepts pointer events
      - retrying click action
        - waiting 500ms
        - waiting for element to be visible, enabled and stable
        - element is visible, enabled and stable
        - scrolling into view if needed
        - done scrolling
        - <div class="text-center">…</div> from <div class="fixed inset-0 bg-black/70 backdrop-blur-md z-50 flex items-center justify-center p-4">…</div> subtree intercepts pointer events
      - retrying click action
        - waiting 500ms


      92 |       // Add entry
      93 |       await page.click('[data-testid="add-fab"]');
    > 94 |       await page.click('[data-testid="text-button"]');
         |                  ^
      95 |       await page.fill('[data-testid="text-input-field"]', 'banana');
      96 |       await page.click('[data-testid="text-submit-button"]');
      97 |       await helpers.waitForDialog('[data-testid="food-confirm-dialog"]');
        at /Users/marcovhv/projects/GIT/caloriecounter/tests/e2e/data-persistence.spec.ts:94:18

    attachment #1: screenshot (image/png) ──────────────────────────────────────────────────────────
    test-results/data-persistence-Data-Pers-a7aec-s-should-create-new-entries-Mobile-Safari/test-failed-1.png
    ────────────────────────────────────────────────────────────────────────────────────────────────

    attachment #2: video (video/webm) ──────────────────────────────────────────────────────────────
    test-results/data-persistence-Data-Pers-a7aec-s-should-create-new-entries-Mobile-Safari/video.webm
    ────────────────────────────────────────────────────────────────────────────────────────────────

    Error Context: ../../test-results/data-persistence-Data-Pers-a7aec-s-should-create-new-entries-Mobile-Safari/error-context.md
]]>
</failure>
<system-out>
<![CDATA[
[[ATTACHMENT|data-persistence-Data-Pers-a7aec-s-should-create-new-entries-Mobile-Safari/test-failed-1.png]]

[[ATTACHMENT|data-persistence-Data-Pers-a7aec-s-should-create-new-entries-Mobile-Safari/video.webm]]

[[ATTACHMENT|data-persistence-Data-Pers-a7aec-s-should-create-new-entries-Mobile-Safari/error-context.md]]
]]>
</system-out>
</testcase>
<testcase name="Data Persistence Tests › Entry CRUD Operations › should read existing entries" classname="data-persistence.spec.ts" time="30.08">
<failure message="data-persistence.spec.ts:109:9 should read existing entries" type="FAILURE">
<![CDATA[  [Mobile Safari] › data-persistence.spec.ts:109:9 › Data Persistence Tests › Entry CRUD Operations › should read existing entries 

    Test timeout of 30000ms exceeded.

    Error: locator.click: Test timeout of 30000ms exceeded.
    Call log:
      - waiting for locator('[data-testid="text-button"]')


       at utils/test-helpers.ts:90

      88 |
      89 |       // Click the text input button
    > 90 |       await this.page.locator('[data-testid="text-button"]').click();
         |                                                              ^
      91 |
      92 |       // Wait for the text input dialog
      93 |       await this.page.waitForSelector('[data-testid="text-input-dialog"]');
        at TestHelpers.setupMockData (/Users/marcovhv/projects/GIT/caloriecounter/tests/e2e/utils/test-helpers.ts:90:62)
        at /Users/marcovhv/projects/GIT/caloriecounter/tests/e2e/data-persistence.spec.ts:111:7

    attachment #1: screenshot (image/png) ──────────────────────────────────────────────────────────
    test-results/data-persistence-Data-Pers-aa1ff-hould-read-existing-entries-Mobile-Safari/test-failed-1.png
    ────────────────────────────────────────────────────────────────────────────────────────────────

    attachment #2: video (video/webm) ──────────────────────────────────────────────────────────────
    test-results/data-persistence-Data-Pers-aa1ff-hould-read-existing-entries-Mobile-Safari/video.webm
    ────────────────────────────────────────────────────────────────────────────────────────────────
]]>
</failure>
<system-out>
<![CDATA[
[[ATTACHMENT|data-persistence-Data-Pers-aa1ff-hould-read-existing-entries-Mobile-Safari/test-failed-1.png]]

[[ATTACHMENT|data-persistence-Data-Pers-aa1ff-hould-read-existing-entries-Mobile-Safari/video.webm]]
]]>
</system-out>
</testcase>
<testcase name="Data Persistence Tests › Entry CRUD Operations › should update existing entries" classname="data-persistence.spec.ts" time="30.145">
<failure message="data-persistence.spec.ts:124:9 should update existing entries" type="FAILURE">
<![CDATA[  [Mobile Safari] › data-persistence.spec.ts:124:9 › Data Persistence Tests › Entry CRUD Operations › should update existing entries 

    Test timeout of 30000ms exceeded.

    Error: locator.click: Test timeout of 30000ms exceeded.
    Call log:
      - waiting for locator('[data-testid="text-button"]')


       at utils/test-helpers.ts:90

      88 |
      89 |       // Click the text input button
    > 90 |       await this.page.locator('[data-testid="text-button"]').click();
         |                                                              ^
      91 |
      92 |       // Wait for the text input dialog
      93 |       await this.page.waitForSelector('[data-testid="text-input-dialog"]');
        at TestHelpers.setupMockData (/Users/marcovhv/projects/GIT/caloriecounter/tests/e2e/utils/test-helpers.ts:90:62)
        at /Users/marcovhv/projects/GIT/caloriecounter/tests/e2e/data-persistence.spec.ts:126:7

    attachment #1: screenshot (image/png) ──────────────────────────────────────────────────────────
    test-results/data-persistence-Data-Pers-ac413-uld-update-existing-entries-Mobile-Safari/test-failed-1.png
    ────────────────────────────────────────────────────────────────────────────────────────────────

    attachment #2: video (video/webm) ──────────────────────────────────────────────────────────────
    test-results/data-persistence-Data-Pers-ac413-uld-update-existing-entries-Mobile-Safari/video.webm
    ────────────────────────────────────────────────────────────────────────────────────────────────
]]>
</failure>
<system-out>
<![CDATA[
[[ATTACHMENT|data-persistence-Data-Pers-ac413-uld-update-existing-entries-Mobile-Safari/test-failed-1.png]]

[[ATTACHMENT|data-persistence-Data-Pers-ac413-uld-update-existing-entries-Mobile-Safari/video.webm]]
]]>
</system-out>
</testcase>
<testcase name="Data Persistence Tests › Entry CRUD Operations › should delete entries" classname="data-persistence.spec.ts" time="30.063">
<failure message="data-persistence.spec.ts:144:9 should delete entries" type="FAILURE">
<![CDATA[  [Mobile Safari] › data-persistence.spec.ts:144:9 › Data Persistence Tests › Entry CRUD Operations › should delete entries 

    Test timeout of 30000ms exceeded.

    Error: locator.click: Test timeout of 30000ms exceeded.
    Call log:
      - waiting for locator('[data-testid="text-button"]')


       at utils/test-helpers.ts:90

      88 |
      89 |       // Click the text input button
    > 90 |       await this.page.locator('[data-testid="text-button"]').click();
         |                                                              ^
      91 |
      92 |       // Wait for the text input dialog
      93 |       await this.page.waitForSelector('[data-testid="text-input-dialog"]');
        at TestHelpers.setupMockData (/Users/marcovhv/projects/GIT/caloriecounter/tests/e2e/utils/test-helpers.ts:90:62)
        at /Users/marcovhv/projects/GIT/caloriecounter/tests/e2e/data-persistence.spec.ts:146:7

    attachment #1: screenshot (image/png) ──────────────────────────────────────────────────────────
    test-results/data-persistence-Data-Pers-6328b-tions-should-delete-entries-Mobile-Safari/test-failed-1.png
    ────────────────────────────────────────────────────────────────────────────────────────────────

    attachment #2: video (video/webm) ──────────────────────────────────────────────────────────────
    test-results/data-persistence-Data-Pers-6328b-tions-should-delete-entries-Mobile-Safari/video.webm
    ────────────────────────────────────────────────────────────────────────────────────────────────
]]>
</failure>
<system-out>
<![CDATA[
[[ATTACHMENT|data-persistence-Data-Pers-6328b-tions-should-delete-entries-Mobile-Safari/test-failed-1.png]]

[[ATTACHMENT|data-persistence-Data-Pers-6328b-tions-should-delete-entries-Mobile-Safari/video.webm]]
]]>
</system-out>
</testcase>
<testcase name="Data Persistence Tests › Entry CRUD Operations › should handle concurrent entry operations" classname="data-persistence.spec.ts" time="30.332">
<failure message="data-persistence.spec.ts:168:9 should handle concurrent entry operations" type="FAILURE">
<![CDATA[  [Mobile Safari] › data-persistence.spec.ts:168:9 › Data Persistence Tests › Entry CRUD Operations › should handle concurrent entry operations 

    Test timeout of 30000ms exceeded.

    Error: page.click: Test timeout of 30000ms exceeded.
    Call log:
      - waiting for locator('[data-testid="text-button"]')
        - locator resolved to <button data-testid="text-button" class="card-glass card-glass-hover rounded-3xl p-6 text-center transition-all duration-300 shadow-2xl active:scale-95">…</button>
      - attempting click action
        - waiting for element to be visible, enabled and stable
        - element is visible, enabled and stable
        - scrolling into view if needed
        - done scrolling
        - <div class="text-center">…</div> from <div class="fixed inset-0 bg-black/70 backdrop-blur-md z-50 flex items-center justify-center p-4">…</div> subtree intercepts pointer events
      - retrying click action
        - waiting for element to be visible, enabled and stable
        - element is visible, enabled and stable
        - scrolling into view if needed
        - done scrolling
        - <div class="fixed inset-0 bg-black/70 backdrop-blur-md z-50 flex items-center justify-center p-4">…</div> intercepts pointer events
      - retrying click action
        - waiting 20ms
        - waiting for element to be visible, enabled and stable
        - element is visible, enabled and stable
        - scrolling into view if needed
        - done scrolling
        - <div class="text-center">…</div> from <div class="fixed inset-0 bg-black/70 backdrop-blur-md z-50 flex items-center justify-center p-4">…</div> subtree intercepts pointer events
      2 × retrying click action
          - waiting 100ms
          - waiting for element to be visible, enabled and stable
          - element is visible, enabled and stable
          - scrolling into view if needed
          - done scrolling
          - <div data-testid="voice-input-dialog" class="card-glass rounded-3xl p-6 m-4 max-w-sm w-full shadow-2xl">…</div> from <div class="fixed inset-0 bg-black/70 backdrop-blur-md z-50 flex items-center justify-center p-4">…</div> subtree intercepts pointer events
      12 × retrying click action
           - waiting 500ms
           - waiting for element to be visible, enabled and stable
           - element is visible, enabled and stable
           - scrolling into view if needed
           - done scrolling
           - <div class="fixed inset-0 bg-black/70 backdrop-blur-md z-50 flex items-center justify-center p-4">…</div> intercepts pointer events
         - retrying click action
           - waiting 500ms
           - waiting for element to be visible, enabled and stable
           - element is visible, enabled and stable
           - scrolling into view if needed
           - done scrolling
           - <div class="text-center">…</div> from <div class="fixed inset-0 bg-black/70 backdrop-blur-md z-50 flex items-center justify-center p-4">…</div> subtree intercepts pointer events
         - retrying click action
           - waiting 500ms
           - waiting for element to be visible, enabled and stable
           - element is visible, enabled and stable
           - scrolling into view if needed
           - done scrolling
           - <div data-testid="voice-input-dialog" class="card-glass rounded-3xl p-6 m-4 max-w-sm w-full shadow-2xl">…</div> from <div class="fixed inset-0 bg-black/70 backdrop-blur-md z-50 flex items-center justify-center p-4">…</div> subtree intercepts pointer events
         - retrying click action
           - waiting 500ms
           - waiting for element to be visible, enabled and stable
           - element is visible, enabled and stable
           - scrolling into view if needed
           - done scrolling
           - <div data-testid="voice-input-dialog" class="card-glass rounded-3xl p-6 m-4 max-w-sm w-full shadow-2xl">…</div> from <div class="fixed inset-0 bg-black/70 backdrop-blur-md z-50 flex items-center justify-center p-4">…</div> subtree intercepts pointer events
      - retrying click action
        - waiting 500ms
        - waiting for element to be visible, enabled and stable
        - element is visible, enabled and stable
        - scrolling into view if needed
        - done scrolling
        - <div class="fixed inset-0 bg-black/70 backdrop-blur-md z-50 flex items-center justify-center p-4">…</div> intercepts pointer events
      - retrying click action
        - waiting 500ms
        - waiting for element to be visible, enabled and stable
        - element is visible, enabled and stable
        - scrolling into view if needed
        - done scrolling


      174 |       for (const food of foods) {
      175 |         await page.click('[data-testid="add-fab"]');
    > 176 |         await page.click('[data-testid="text-button"]');
          |                    ^
      177 |         await page.fill('[data-testid="text-input-field"]', food);
      178 |         await page.click('[data-testid="text-submit-button"]');
      179 |         await helpers.waitForDialog('[data-testid="food-confirm-dialog"]');
        at /Users/marcovhv/projects/GIT/caloriecounter/tests/e2e/data-persistence.spec.ts:176:20

    attachment #1: screenshot (image/png) ──────────────────────────────────────────────────────────
    test-results/data-persistence-Data-Pers-19ec8-concurrent-entry-operations-Mobile-Safari/test-failed-1.png
    ────────────────────────────────────────────────────────────────────────────────────────────────

    attachment #2: video (video/webm) ──────────────────────────────────────────────────────────────
    test-results/data-persistence-Data-Pers-19ec8-concurrent-entry-operations-Mobile-Safari/video.webm
    ────────────────────────────────────────────────────────────────────────────────────────────────

    Error Context: ../../test-results/data-persistence-Data-Pers-19ec8-concurrent-entry-operations-Mobile-Safari/error-context.md
]]>
</failure>
<system-out>
<![CDATA[
[[ATTACHMENT|data-persistence-Data-Pers-19ec8-concurrent-entry-operations-Mobile-Safari/test-failed-1.png]]

[[ATTACHMENT|data-persistence-Data-Pers-19ec8-concurrent-entry-operations-Mobile-Safari/video.webm]]

[[ATTACHMENT|data-persistence-Data-Pers-19ec8-concurrent-entry-operations-Mobile-Safari/error-context.md]]
]]>
</system-out>
</testcase>
<testcase name="Data Persistence Tests › Data Consistency › should maintain correct totals when entries change" classname="data-persistence.spec.ts" time="30.237">
<failure message="data-persistence.spec.ts:192:9 should maintain correct totals when entries change" type="FAILURE">
<![CDATA[  [Mobile Safari] › data-persistence.spec.ts:192:9 › Data Persistence Tests › Data Consistency › should maintain correct totals when entries change 

    Test timeout of 30000ms exceeded.

    Error: page.click: Test timeout of 30000ms exceeded.
    Call log:
      - waiting for locator('[data-testid="text-button"]')
        - locator resolved to <button data-testid="text-button" class="card-glass card-glass-hover rounded-3xl p-6 text-center transition-all duration-300 shadow-2xl active:scale-95">…</button>
      - attempting click action
        - waiting for element to be visible, enabled and stable
        - element is visible, enabled and stable
        - scrolling into view if needed
        - done scrolling
        - <div class="text-center">…</div> from <div class="fixed inset-0 bg-black/70 backdrop-blur-md z-50 flex items-center justify-center p-4">…</div> subtree intercepts pointer events
      - retrying click action
        - waiting for element to be visible, enabled and stable
        - element is visible, enabled and stable
        - scrolling into view if needed
        - done scrolling
        - <div class="fixed inset-0 bg-black/70 backdrop-blur-md z-50 flex items-center justify-center p-4">…</div> intercepts pointer events
      - retrying click action
        - waiting 20ms
        - waiting for element to be visible, enabled and stable
        - element is visible, enabled and stable
        - scrolling into view if needed
        - done scrolling
        - <div class="text-center">…</div> from <div class="fixed inset-0 bg-black/70 backdrop-blur-md z-50 flex items-center justify-center p-4">…</div> subtree intercepts pointer events
      2 × retrying click action
          - waiting 100ms
          - waiting for element to be visible, enabled and stable
          - element is visible, enabled and stable
          - scrolling into view if needed
          - done scrolling
          - <div data-testid="voice-input-dialog" class="card-glass rounded-3xl p-6 m-4 max-w-sm w-full shadow-2xl">…</div> from <div class="fixed inset-0 bg-black/70 backdrop-blur-md z-50 flex items-center justify-center p-4">…</div> subtree intercepts pointer events
      12 × retrying click action
           - waiting 500ms
           - waiting for element to be visible, enabled and stable
           - element is visible, enabled and stable
           - scrolling into view if needed
           - done scrolling
           - <div class="fixed inset-0 bg-black/70 backdrop-blur-md z-50 flex items-center justify-center p-4">…</div> intercepts pointer events
         - retrying click action
           - waiting 500ms
           - waiting for element to be visible, enabled and stable
           - element is visible, enabled and stable
           - scrolling into view if needed
           - done scrolling
           - <div class="text-center">…</div> from <div class="fixed inset-0 bg-black/70 backdrop-blur-md z-50 flex items-center justify-center p-4">…</div> subtree intercepts pointer events
         - retrying click action
           - waiting 500ms
           - waiting for element to be visible, enabled and stable
           - element is visible, enabled and stable
           - scrolling into view if needed
           - done scrolling
           - <div data-testid="voice-input-dialog" class="card-glass rounded-3xl p-6 m-4 max-w-sm w-full shadow-2xl">…</div> from <div class="fixed inset-0 bg-black/70 backdrop-blur-md z-50 flex items-center justify-center p-4">…</div> subtree intercepts pointer events
         - retrying click action
           - waiting 500ms
           - waiting for element to be visible, enabled and stable
           - element is visible, enabled and stable
           - scrolling into view if needed
           - done scrolling
           - <div data-testid="voice-input-dialog" class="card-glass rounded-3xl p-6 m-4 max-w-sm w-full shadow-2xl">…</div> from <div class="fixed inset-0 bg-black/70 backdrop-blur-md z-50 flex items-center justify-center p-4">…</div> subtree intercepts pointer events
      - retrying click action
        - waiting 500ms
        - waiting for element to be visible, enabled and stable
        - element is visible, enabled and stable
        - scrolling into view if needed
        - done scrolling
        - <div class="fixed inset-0 bg-black/70 backdrop-blur-md z-50 flex items-center justify-center p-4">…</div> intercepts pointer events
      - retrying click action
        - waiting 500ms
        - waiting for element to be visible, enabled and stable
        - element is visible, enabled and stable
        - scrolling into view if needed
        - done scrolling
        - <div class="text-center">…</div> from <div class="fixed inset-0 bg-black/70 backdrop-blur-md z-50 flex items-center justify-center p-4">…</div> subtree intercepts pointer events
      - retrying click action
        - waiting 500ms


      198 |       // Add entry with known calories
      199 |       await page.click('[data-testid="add-fab"]');
    > 200 |       await page.click('[data-testid="text-button"]');
          |                  ^
      201 |       await page.fill('[data-testid="text-input-field"]', 'apple');
      202 |       await page.click('[data-testid="text-submit-button"]');
      203 |       await helpers.waitForDialog('[data-testid="food-confirm-dialog"]');
        at /Users/marcovhv/projects/GIT/caloriecounter/tests/e2e/data-persistence.spec.ts:200:18

    attachment #1: screenshot (image/png) ──────────────────────────────────────────────────────────
    test-results/data-persistence-Data-Pers-73b6f--totals-when-entries-change-Mobile-Safari/test-failed-1.png
    ────────────────────────────────────────────────────────────────────────────────────────────────

    attachment #2: video (video/webm) ──────────────────────────────────────────────────────────────
    test-results/data-persistence-Data-Pers-73b6f--totals-when-entries-change-Mobile-Safari/video.webm
    ────────────────────────────────────────────────────────────────────────────────────────────────

    Error Context: ../../test-results/data-persistence-Data-Pers-73b6f--totals-when-entries-change-Mobile-Safari/error-context.md
]]>
</failure>
<system-out>
<![CDATA[
[[ATTACHMENT|data-persistence-Data-Pers-73b6f--totals-when-entries-change-Mobile-Safari/test-failed-1.png]]

[[ATTACHMENT|data-persistence-Data-Pers-73b6f--totals-when-entries-change-Mobile-Safari/video.webm]]

[[ATTACHMENT|data-persistence-Data-Pers-73b6f--totals-when-entries-change-Mobile-Safari/error-context.md]]
]]>
</system-out>
</testcase>
<testcase name="Data Persistence Tests › Data Consistency › should handle date changes correctly" classname="data-persistence.spec.ts" time="30.106">
<failure message="data-persistence.spec.ts:211:9 should handle date changes correctly" type="FAILURE">
<![CDATA[  [Mobile Safari] › data-persistence.spec.ts:211:9 › Data Persistence Tests › Data Consistency › should handle date changes correctly 

    Test timeout of 30000ms exceeded.

    Error: locator.click: Test timeout of 30000ms exceeded.
    Call log:
      - waiting for locator('[data-testid="text-button"]')


       at utils/test-helpers.ts:90

      88 |
      89 |       // Click the text input button
    > 90 |       await this.page.locator('[data-testid="text-button"]').click();
         |                                                              ^
      91 |
      92 |       // Wait for the text input dialog
      93 |       await this.page.waitForSelector('[data-testid="text-input-dialog"]');
        at TestHelpers.setupMockData (/Users/marcovhv/projects/GIT/caloriecounter/tests/e2e/utils/test-helpers.ts:90:62)
        at /Users/marcovhv/projects/GIT/caloriecounter/tests/e2e/data-persistence.spec.ts:213:7

    attachment #1: screenshot (image/png) ──────────────────────────────────────────────────────────
    test-results/data-persistence-Data-Pers-93721-ndle-date-changes-correctly-Mobile-Safari/test-failed-1.png
    ────────────────────────────────────────────────────────────────────────────────────────────────

    attachment #2: video (video/webm) ──────────────────────────────────────────────────────────────
    test-results/data-persistence-Data-Pers-93721-ndle-date-changes-correctly-Mobile-Safari/video.webm
    ────────────────────────────────────────────────────────────────────────────────────────────────
]]>
</failure>
<system-out>
<![CDATA[
[[ATTACHMENT|data-persistence-Data-Pers-93721-ndle-date-changes-correctly-Mobile-Safari/test-failed-1.png]]

[[ATTACHMENT|data-persistence-Data-Pers-93721-ndle-date-changes-correctly-Mobile-Safari/video.webm]]
]]>
</system-out>
</testcase>
<testcase name="Data Persistence Tests › Data Consistency › should sync data across multiple tabs" classname="data-persistence.spec.ts" time="31.114">
<failure message="data-persistence.spec.ts:236:9 should sync data across multiple tabs" type="FAILURE">
<![CDATA[  [Mobile Safari] › data-persistence.spec.ts:236:9 › Data Persistence Tests › Data Consistency › should sync data across multiple tabs 

    Test timeout of 30000ms exceeded.

    Error: page.click: Test timeout of 30000ms exceeded.
    Call log:
      - waiting for locator('[data-testid="text-button"]')
        - locator resolved to <button data-testid="text-button" class="card-glass card-glass-hover rounded-3xl p-6 text-center transition-all duration-300 shadow-2xl active:scale-95">…</button>
      - attempting click action
        - waiting for element to be visible, enabled and stable
        - element is visible, enabled and stable
        - scrolling into view if needed
        - done scrolling
        - <p class="text-xs text-white/60 mb-6">Say something like: "One grilled boneless chicken…</p> from <div class="fixed inset-0 bg-black/70 backdrop-blur-md z-50 flex items-center justify-center p-4">…</div> subtree intercepts pointer events
      - retrying click action
        - waiting for element to be visible, enabled and stable
        - element is visible, enabled and stable
        - scrolling into view if needed
        - done scrolling
        - <div class="fixed inset-0 bg-black/70 backdrop-blur-md z-50 flex items-center justify-center p-4">…</div> intercepts pointer events
      - retrying click action
        - waiting 20ms
        - waiting for element to be visible, enabled and stable
        - element is visible, enabled and stable
        - scrolling into view if needed
        - done scrolling
        - <div class="text-center">…</div> from <div class="fixed inset-0 bg-black/70 backdrop-blur-md z-50 flex items-center justify-center p-4">…</div> subtree intercepts pointer events
      2 × retrying click action
          - waiting 100ms
          - waiting for element to be visible, enabled and stable
          - element is visible, enabled and stable
          - scrolling into view if needed
          - done scrolling
          - <div data-testid="voice-input-dialog" class="card-glass rounded-3xl p-6 m-4 max-w-sm w-full shadow-2xl">…</div> from <div class="fixed inset-0 bg-black/70 backdrop-blur-md z-50 flex items-center justify-center p-4">…</div> subtree intercepts pointer events
      8 × retrying click action
          - waiting 500ms
          - waiting for element to be visible, enabled and stable
          - element is visible, enabled and stable
          - scrolling into view if needed
          - done scrolling
          - <div class="fixed inset-0 bg-black/70 backdrop-blur-md z-50 flex items-center justify-center p-4">…</div> intercepts pointer events
        - retrying click action
          - waiting 500ms
          - waiting for element to be visible, enabled and stable
          - element is visible, enabled and stable
          - scrolling into view if needed
          - done scrolling
          - <div class="text-center">…</div> from <div class="fixed inset-0 bg-black/70 backdrop-blur-md z-50 flex items-center justify-center p-4">…</div> subtree intercepts pointer events
        - retrying click action
          - waiting 500ms
          - waiting for element to be visible, enabled and stable
          - element is visible, enabled and stable
          - scrolling into view if needed
          - done scrolling
          - <div data-testid="voice-input-dialog" class="card-glass rounded-3xl p-6 m-4 max-w-sm w-full shadow-2xl">…</div> from <div class="fixed inset-0 bg-black/70 backdrop-blur-md z-50 flex items-center justify-center p-4">…</div> subtree intercepts pointer events
        - retrying click action
          - waiting 500ms
          - waiting for element to be visible, enabled and stable
          - element is visible, enabled and stable
          - scrolling into view if needed
          - done scrolling
          - <div data-testid="voice-input-dialog" class="card-glass rounded-3xl p-6 m-4 max-w-sm w-full shadow-2xl">…</div> from <div class="fixed inset-0 bg-black/70 backdrop-blur-md z-50 flex items-center justify-center p-4">…</div> subtree intercepts pointer events
      - retrying click action
        - waiting 500ms
        - waiting for element to be visible, enabled and stable
        - element is visible, enabled and stable
        - scrolling into view if needed
        - done scrolling
        - <div class="fixed inset-0 bg-black/70 backdrop-blur-md z-50 flex items-center justify-center p-4">…</div> intercepts pointer events
      - retrying click action
        - waiting 500ms
        - waiting for element to be visible, enabled and stable
        - element is visible, enabled and stable
        - scrolling into view if needed


      252 |       // Add entry in first tab
      253 |       await page1.click('[data-testid="add-fab"]');
    > 254 |       await page1.click('[data-testid="text-button"]');
          |                   ^
      255 |       await page1.fill('[data-testid="text-input-field"]', 'apple');
      256 |       await page1.click('[data-testid="text-submit-button"]');
      257 |       await helpers1.waitForDialog('[data-testid="food-confirm-dialog"]');
        at /Users/marcovhv/projects/GIT/caloriecounter/tests/e2e/data-persistence.spec.ts:254:19

    attachment #1: screenshot (image/png) ──────────────────────────────────────────────────────────
    test-results/data-persistence-Data-Pers-e40f2-c-data-across-multiple-tabs-Mobile-Safari/test-failed-1.png
    ────────────────────────────────────────────────────────────────────────────────────────────────

    attachment #2: screenshot (image/png) ──────────────────────────────────────────────────────────
    test-results/data-persistence-Data-Pers-e40f2-c-data-across-multiple-tabs-Mobile-Safari/test-failed-2.png
    ────────────────────────────────────────────────────────────────────────────────────────────────

    attachment #3: screenshot (image/png) ──────────────────────────────────────────────────────────
    test-results/data-persistence-Data-Pers-e40f2-c-data-across-multiple-tabs-Mobile-Safari/test-failed-3.png
    ────────────────────────────────────────────────────────────────────────────────────────────────

    attachment #4: video (video/webm) ──────────────────────────────────────────────────────────────
    test-results/data-persistence-Data-Pers-e40f2-c-data-across-multiple-tabs-Mobile-Safari/video.webm
    ────────────────────────────────────────────────────────────────────────────────────────────────

    attachment #5: video (video/webm) ──────────────────────────────────────────────────────────────
    test-results/data-persistence-Data-Pers-e40f2-c-data-across-multiple-tabs-Mobile-Safari/video-1.webm
    ────────────────────────────────────────────────────────────────────────────────────────────────

    attachment #6: video (video/webm) ──────────────────────────────────────────────────────────────
    test-results/data-persistence-Data-Pers-e40f2-c-data-across-multiple-tabs-Mobile-Safari/video-2.webm
    ────────────────────────────────────────────────────────────────────────────────────────────────
]]>
</failure>
<system-out>
<![CDATA[
[[ATTACHMENT|data-persistence-Data-Pers-e40f2-c-data-across-multiple-tabs-Mobile-Safari/test-failed-1.png]]

[[ATTACHMENT|data-persistence-Data-Pers-e40f2-c-data-across-multiple-tabs-Mobile-Safari/test-failed-2.png]]

[[ATTACHMENT|data-persistence-Data-Pers-e40f2-c-data-across-multiple-tabs-Mobile-Safari/test-failed-3.png]]

[[ATTACHMENT|data-persistence-Data-Pers-e40f2-c-data-across-multiple-tabs-Mobile-Safari/video.webm]]

[[ATTACHMENT|data-persistence-Data-Pers-e40f2-c-data-across-multiple-tabs-Mobile-Safari/video-1.webm]]

[[ATTACHMENT|data-persistence-Data-Pers-e40f2-c-data-across-multiple-tabs-Mobile-Safari/video-2.webm]]
]]>
</system-out>
</testcase>
<testcase name="Data Persistence Tests › Data Consistency › should handle storage quota exceeded" classname="data-persistence.spec.ts" time="30.308">
<failure message="data-persistence.spec.ts:269:9 should handle storage quota exceeded" type="FAILURE">
<![CDATA[  [Mobile Safari] › data-persistence.spec.ts:269:9 › Data Persistence Tests › Data Consistency › should handle storage quota exceeded 

    Test timeout of 30000ms exceeded.

    Error: page.click: Test timeout of 30000ms exceeded.
    Call log:
      - waiting for locator('[data-testid="text-button"]')
        - locator resolved to <button data-testid="text-button" class="card-glass card-glass-hover rounded-3xl p-6 text-center transition-all duration-300 shadow-2xl active:scale-95">…</button>
      - attempting click action
        - waiting for element to be visible, enabled and stable
        - element is visible, enabled and stable
        - scrolling into view if needed
        - done scrolling
        - <div class="text-center">…</div> from <div class="fixed inset-0 bg-black/70 backdrop-blur-md z-50 flex items-center justify-center p-4">…</div> subtree intercepts pointer events
      - retrying click action
        - waiting for element to be visible, enabled and stable
        - element is visible, enabled and stable
        - scrolling into view if needed
        - done scrolling
        - <div class="fixed inset-0 bg-black/70 backdrop-blur-md z-50 flex items-center justify-center p-4">…</div> intercepts pointer events
      - retrying click action
        - waiting 20ms
        - waiting for element to be visible, enabled and stable
        - element is visible, enabled and stable
        - scrolling into view if needed
        - done scrolling
        - <div class="text-center">…</div> from <div class="fixed inset-0 bg-black/70 backdrop-blur-md z-50 flex items-center justify-center p-4">…</div> subtree intercepts pointer events
      2 × retrying click action
          - waiting 100ms
          - waiting for element to be visible, enabled and stable
          - element is visible, enabled and stable
          - scrolling into view if needed
          - done scrolling
          - <div data-testid="voice-input-dialog" class="card-glass rounded-3xl p-6 m-4 max-w-sm w-full shadow-2xl">…</div> from <div class="fixed inset-0 bg-black/70 backdrop-blur-md z-50 flex items-center justify-center p-4">…</div> subtree intercepts pointer events
      11 × retrying click action
           - waiting 500ms
           - waiting for element to be visible, enabled and stable
           - element is visible, enabled and stable
           - scrolling into view if needed
           - done scrolling
           - <div class="fixed inset-0 bg-black/70 backdrop-blur-md z-50 flex items-center justify-center p-4">…</div> intercepts pointer events
         - retrying click action
           - waiting 500ms
           - waiting for element to be visible, enabled and stable
           - element is visible, enabled and stable
           - scrolling into view if needed
           - done scrolling
           - <div class="text-center">…</div> from <div class="fixed inset-0 bg-black/70 backdrop-blur-md z-50 flex items-center justify-center p-4">…</div> subtree intercepts pointer events
         - retrying click action
           - waiting 500ms
           - waiting for element to be visible, enabled and stable
           - element is visible, enabled and stable
           - scrolling into view if needed
           - done scrolling
           - <div data-testid="voice-input-dialog" class="card-glass rounded-3xl p-6 m-4 max-w-sm w-full shadow-2xl">…</div> from <div class="fixed inset-0 bg-black/70 backdrop-blur-md z-50 flex items-center justify-center p-4">…</div> subtree intercepts pointer events
         - retrying click action
           - waiting 500ms
           - waiting for element to be visible, enabled and stable
           - element is visible, enabled and stable
           - scrolling into view if needed
           - done scrolling
           - <div data-testid="voice-input-dialog" class="card-glass rounded-3xl p-6 m-4 max-w-sm w-full shadow-2xl">…</div> from <div class="fixed inset-0 bg-black/70 backdrop-blur-md z-50 flex items-center justify-center p-4">…</div> subtree intercepts pointer events
      - retrying click action
        - waiting 500ms
        - waiting for element to be visible, enabled and stable
        - element is visible, enabled and stable
        - scrolling into view if needed
        - done scrolling
        - <div class="fixed inset-0 bg-black/70 backdrop-blur-md z-50 flex items-center justify-center p-4">…</div> intercepts pointer events
      - retrying click action
        - waiting 500ms
        - waiting for element to be visible, enabled and stable
        - element is visible, enabled and stable
        - scrolling into view if needed
        - done scrolling
        - <div class="text-center">…</div> from <div class="fixed inset-0 bg-black/70 backdrop-blur-md z-50 flex items-center justify-center p-4">…</div> subtree intercepts pointer events
      - retrying click action
        - waiting 500ms
        - waiting for element to be visible, enabled and stable
        - element is visible, enabled and stable
        - scrolling into view if needed
        - done scrolling


      287 |       // Try to add entry
      288 |       await page.click('[data-testid="add-fab"]');
    > 289 |       await page.click('[data-testid="text-button"]');
          |                  ^
      290 |       await page.fill('[data-testid="text-input-field"]', 'apple');
      291 |       await page.click('[data-testid="text-submit-button"]');
      292 |       await helpers.waitForDialog('[data-testid="food-confirm-dialog"]');
        at /Users/marcovhv/projects/GIT/caloriecounter/tests/e2e/data-persistence.spec.ts:289:18

    attachment #1: screenshot (image/png) ──────────────────────────────────────────────────────────
    test-results/data-persistence-Data-Pers-d49cf-ndle-storage-quota-exceeded-Mobile-Safari/test-failed-1.png
    ────────────────────────────────────────────────────────────────────────────────────────────────

    attachment #2: video (video/webm) ──────────────────────────────────────────────────────────────
    test-results/data-persistence-Data-Pers-d49cf-ndle-storage-quota-exceeded-Mobile-Safari/video.webm
    ────────────────────────────────────────────────────────────────────────────────────────────────

    Error Context: ../../test-results/data-persistence-Data-Pers-d49cf-ndle-storage-quota-exceeded-Mobile-Safari/error-context.md
]]>
</failure>
<system-out>
<![CDATA[
[[ATTACHMENT|data-persistence-Data-Pers-d49cf-ndle-storage-quota-exceeded-Mobile-Safari/test-failed-1.png]]

[[ATTACHMENT|data-persistence-Data-Pers-d49cf-ndle-storage-quota-exceeded-Mobile-Safari/video.webm]]

[[ATTACHMENT|data-persistence-Data-Pers-d49cf-ndle-storage-quota-exceeded-Mobile-Safari/error-context.md]]
]]>
</system-out>
</testcase>
<testcase name="Data Persistence Tests › Settings Persistence › should persist settings changes" classname="data-persistence.spec.ts" time="30.282">
<failure message="data-persistence.spec.ts:301:9 should persist settings changes" type="FAILURE">
<![CDATA[  [Mobile Safari] › data-persistence.spec.ts:301:9 › Data Persistence Tests › Settings Persistence › should persist settings changes 

    Test timeout of 30000ms exceeded.

    Error: expect(locator).toHaveValue(expected)

    Locator: locator('[data-testid="daily-target-input"]')
    Expected string: "2200"
    Received string: "2000"
    Call log:
      - Expect "toHaveValue" with timeout 10000ms
      - waiting for locator('[data-testid="daily-target-input"]')
        10 × locator resolved to <input min="1000" max="5000" value="2000" type="number" placeholder="2000" data-testid="daily-target-input" class="w-full px-4 py-3 border border-white/20 rounded-2xl focus:outline-none focus:ring-2 focus:ring-blue-400 focus:border-blue-400 text-white bg-white/10 placeholder-white/50 backdrop-blur-sm transition-all"/>
           - unexpected value "2000"


      312 |       
      313 |       // Settings should be persisted
    > 314 |       await expect(page.locator('[data-testid="daily-target-input"]')).toHaveValue('2200');
          |                                                                        ^
      315 |       const imperialRadio = page.locator('[data-testid="units-select"] input[value="imperial"]');
      316 |       await expect(imperialRadio).toBeChecked();
      317 |     });
        at /Users/marcovhv/projects/GIT/caloriecounter/tests/e2e/data-persistence.spec.ts:314:72

    attachment #1: screenshot (image/png) ──────────────────────────────────────────────────────────
    test-results/data-persistence-Data-Pers-67c7f-ld-persist-settings-changes-Mobile-Safari/test-failed-1.png
    ────────────────────────────────────────────────────────────────────────────────────────────────

    attachment #2: video (video/webm) ──────────────────────────────────────────────────────────────
    test-results/data-persistence-Data-Pers-67c7f-ld-persist-settings-changes-Mobile-Safari/video.webm
    ────────────────────────────────────────────────────────────────────────────────────────────────

    Error Context: ../../test-results/data-persistence-Data-Pers-67c7f-ld-persist-settings-changes-Mobile-Safari/error-context.md
]]>
</failure>
<system-out>
<![CDATA[
[[ATTACHMENT|data-persistence-Data-Pers-67c7f-ld-persist-settings-changes-Mobile-Safari/test-failed-1.png]]

[[ATTACHMENT|data-persistence-Data-Pers-67c7f-ld-persist-settings-changes-Mobile-Safari/video.webm]]

[[ATTACHMENT|data-persistence-Data-Pers-67c7f-ld-persist-settings-changes-Mobile-Safari/error-context.md]]
]]>
</system-out>
</testcase>
<testcase name="Data Persistence Tests › Settings Persistence › should handle localStorage errors" classname="data-persistence.spec.ts" time="22.714">
<failure message="data-persistence.spec.ts:319:9 should handle localStorage errors" type="FAILURE">
<![CDATA[  [Mobile Safari] › data-persistence.spec.ts:319:9 › Data Persistence Tests › Settings Persistence › should handle localStorage errors 

    Error: Timed out 10000ms waiting for expect(locator).toBeVisible()

    Locator: locator('[data-testid="storage-error"]')
    Expected: visible
    Received: <element(s) not found>
    Call log:
      - Expect "toBeVisible" with timeout 10000ms
      - waiting for locator('[data-testid="storage-error"]')


      333 |       
      334 |       // Should show error message
    > 335 |       await expect(page.locator('[data-testid="storage-error"]')).toBeVisible();
          |                                                                   ^
      336 |     });
      337 |   });
      338 | });
        at /Users/marcovhv/projects/GIT/caloriecounter/tests/e2e/data-persistence.spec.ts:335:67

    attachment #1: screenshot (image/png) ──────────────────────────────────────────────────────────
    test-results/data-persistence-Data-Pers-5d6b0--handle-localStorage-errors-Mobile-Safari/test-failed-1.png
    ────────────────────────────────────────────────────────────────────────────────────────────────

    attachment #2: video (video/webm) ──────────────────────────────────────────────────────────────
    test-results/data-persistence-Data-Pers-5d6b0--handle-localStorage-errors-Mobile-Safari/video.webm
    ────────────────────────────────────────────────────────────────────────────────────────────────

    Error Context: ../../test-results/data-persistence-Data-Pers-5d6b0--handle-localStorage-errors-Mobile-Safari/error-context.md
]]>
</failure>
<system-out>
<![CDATA[
[[ATTACHMENT|data-persistence-Data-Pers-5d6b0--handle-localStorage-errors-Mobile-Safari/test-failed-1.png]]

[[ATTACHMENT|data-persistence-Data-Pers-5d6b0--handle-localStorage-errors-Mobile-Safari/video.webm]]

[[ATTACHMENT|data-persistence-Data-Pers-5d6b0--handle-localStorage-errors-Mobile-Safari/error-context.md]]
]]>
</system-out>
</testcase>
</testsuite>
<testsuite name="food-entry.spec.ts" timestamp="2025-07-09T06:01:38.950Z" hostname="Mobile Safari" tests="15" failures="0" skipped="0" time="51.893" errors="0">
<testcase name="Food Entry Functionality › Text Input › should open text input dialog when text button is clicked" classname="food-entry.spec.ts" time="2.441">
</testcase>
<testcase name="Food Entry Functionality › Text Input › should process text input and show confirmation dialog" classname="food-entry.spec.ts" time="4.115">
</testcase>
<testcase name="Food Entry Functionality › Text Input › should confirm and add entry from text input" classname="food-entry.spec.ts" time="2.714">
</testcase>
<testcase name="Food Entry Functionality › Text Input › should cancel text input confirmation" classname="food-entry.spec.ts" time="2.222">
</testcase>
<testcase name="Food Entry Functionality › Text Input › should close text input dialog with close button" classname="food-entry.spec.ts" time="4.173">
</testcase>
<testcase name="Food Entry Functionality › Voice Input › should open voice input dialog when voice button is clicked" classname="food-entry.spec.ts" time="2.264">
</testcase>
<testcase name="Food Entry Functionality › Voice Input › should show processing state during voice processing" classname="food-entry.spec.ts" time="4.34">
</testcase>
<testcase name="Food Entry Functionality › Voice Input › should close voice input with cancel button" classname="food-entry.spec.ts" time="4.141">
</testcase>
<testcase name="Food Entry Functionality › Barcode Scanning › should open barcode scanner when scan button is clicked" classname="food-entry.spec.ts" time="3.783">
</testcase>
<testcase name="Food Entry Functionality › Barcode Scanning › should handle invalid barcode gracefully" classname="food-entry.spec.ts" time="3.667">
</testcase>
<testcase name="Food Entry Functionality › Barcode Scanning › should close barcode scanner" classname="food-entry.spec.ts" time="4.07">
</testcase>
<testcase name="Food Entry Functionality › Food Confirmation Dialog › should allow editing food details before confirmation" classname="food-entry.spec.ts" time="3.9">
</testcase>
<testcase name="Food Entry Functionality › Food Confirmation Dialog › should show loading state during confirmation" classname="food-entry.spec.ts" time="2.821">
</testcase>
<testcase name="Food Entry Functionality › Entry Management › should display newly added entries in the list" classname="food-entry.spec.ts" time="4.021">
</testcase>
<testcase name="Food Entry Functionality › Entry Management › should update totals when entries are added" classname="food-entry.spec.ts" time="3.221">
</testcase>
</testsuite>
<testsuite name="history.spec.ts" timestamp="2025-07-09T06:01:38.950Z" hostname="Mobile Safari" tests="17" failures="6" skipped="0" time="331.762" errors="0">
<testcase name="History Page Functionality › should load history page successfully" classname="history.spec.ts" time="11.532">
</testcase>
<testcase name="History Page Functionality › should display date range selector with default selection" classname="history.spec.ts" time="11.572">
</testcase>
<testcase name="History Page Functionality › should switch between date ranges" classname="history.spec.ts" time="13.057">
</testcase>
<testcase name="History Page Functionality › should display macro tabs with correct options" classname="history.spec.ts" time="11.389">
</testcase>
<testcase name="History Page Functionality › should switch between macro tabs" classname="history.spec.ts" time="12.78">
</testcase>
<testcase name="History Page Functionality › should display chart container" classname="history.spec.ts" time="11.587">
</testcase>
<testcase name="History Page Functionality › should show empty state when no data is available" classname="history.spec.ts" time="11.629">
</testcase>
<testcase name="History Page Functionality › should display chart when data is available" classname="history.spec.ts" time="30.183">
<failure message="history.spec.ts:97:7 should display chart when data is available" type="FAILURE">
<![CDATA[  [Mobile Safari] › history.spec.ts:97:7 › History Page Functionality › should display chart when data is available 

    Test timeout of 30000ms exceeded.

    Error: locator.click: Test timeout of 30000ms exceeded.
    Call log:
      - waiting for locator('[data-testid="text-button"]')


       at utils/test-helpers.ts:90

      88 |
      89 |       // Click the text input button
    > 90 |       await this.page.locator('[data-testid="text-button"]').click();
         |                                                              ^
      91 |
      92 |       // Wait for the text input dialog
      93 |       await this.page.waitForSelector('[data-testid="text-input-dialog"]');
        at TestHelpers.setupMockData (/Users/marcovhv/projects/GIT/caloriecounter/tests/e2e/utils/test-helpers.ts:90:62)
        at /Users/marcovhv/projects/GIT/caloriecounter/tests/e2e/history.spec.ts:99:5

    attachment #1: screenshot (image/png) ──────────────────────────────────────────────────────────
    test-results/history-History-Page-Funct-b7ba7-hart-when-data-is-available-Mobile-Safari/test-failed-1.png
    ────────────────────────────────────────────────────────────────────────────────────────────────

    attachment #2: video (video/webm) ──────────────────────────────────────────────────────────────
    test-results/history-History-Page-Funct-b7ba7-hart-when-data-is-available-Mobile-Safari/video.webm
    ────────────────────────────────────────────────────────────────────────────────────────────────

    Error Context: ../../test-results/history-History-Page-Funct-b7ba7-hart-when-data-is-available-Mobile-Safari/error-context.md
]]>
</failure>
<system-out>
<![CDATA[
[[ATTACHMENT|history-History-Page-Funct-b7ba7-hart-when-data-is-available-Mobile-Safari/test-failed-1.png]]

[[ATTACHMENT|history-History-Page-Funct-b7ba7-hart-when-data-is-available-Mobile-Safari/video.webm]]

[[ATTACHMENT|history-History-Page-Funct-b7ba7-hart-when-data-is-available-Mobile-Safari/error-context.md]]
]]>
</system-out>
</testcase>
<testcase name="History Page Functionality › should update chart when date range changes" classname="history.spec.ts" time="30.23">
<failure message="history.spec.ts:113:7 should update chart when date range changes" type="FAILURE">
<![CDATA[  [Mobile Safari] › history.spec.ts:113:7 › History Page Functionality › should update chart when date range changes 

    Test timeout of 30000ms exceeded.

    Error: locator.click: Test timeout of 30000ms exceeded.
    Call log:
      - waiting for locator('[data-testid="text-button"]')


       at utils/test-helpers.ts:90

      88 |
      89 |       // Click the text input button
    > 90 |       await this.page.locator('[data-testid="text-button"]').click();
         |                                                              ^
      91 |
      92 |       // Wait for the text input dialog
      93 |       await this.page.waitForSelector('[data-testid="text-input-dialog"]');
        at TestHelpers.setupMockData (/Users/marcovhv/projects/GIT/caloriecounter/tests/e2e/utils/test-helpers.ts:90:62)
        at /Users/marcovhv/projects/GIT/caloriecounter/tests/e2e/history.spec.ts:115:5

    attachment #1: screenshot (image/png) ──────────────────────────────────────────────────────────
    test-results/history-History-Page-Funct-e5412-art-when-date-range-changes-Mobile-Safari/test-failed-1.png
    ────────────────────────────────────────────────────────────────────────────────────────────────

    attachment #2: video (video/webm) ──────────────────────────────────────────────────────────────
    test-results/history-History-Page-Funct-e5412-art-when-date-range-changes-Mobile-Safari/video.webm
    ────────────────────────────────────────────────────────────────────────────────────────────────

    Error Context: ../../test-results/history-History-Page-Funct-e5412-art-when-date-range-changes-Mobile-Safari/error-context.md
]]>
</failure>
<system-out>
<![CDATA[
[[ATTACHMENT|history-History-Page-Funct-e5412-art-when-date-range-changes-Mobile-Safari/test-failed-1.png]]

[[ATTACHMENT|history-History-Page-Funct-e5412-art-when-date-range-changes-Mobile-Safari/video.webm]]

[[ATTACHMENT|history-History-Page-Funct-e5412-art-when-date-range-changes-Mobile-Safari/error-context.md]]
]]>
</system-out>
</testcase>
<testcase name="History Page Functionality › should update chart when macro tab changes" classname="history.spec.ts" time="30.268">
<failure message="history.spec.ts:134:7 should update chart when macro tab changes" type="FAILURE">
<![CDATA[  [Mobile Safari] › history.spec.ts:134:7 › History Page Functionality › should update chart when macro tab changes 

    Test timeout of 30000ms exceeded.

    Error: locator.click: Test timeout of 30000ms exceeded.
    Call log:
      - waiting for locator('[data-testid="text-button"]')


       at utils/test-helpers.ts:90

      88 |
      89 |       // Click the text input button
    > 90 |       await this.page.locator('[data-testid="text-button"]').click();
         |                                                              ^
      91 |
      92 |       // Wait for the text input dialog
      93 |       await this.page.waitForSelector('[data-testid="text-input-dialog"]');
        at TestHelpers.setupMockData (/Users/marcovhv/projects/GIT/caloriecounter/tests/e2e/utils/test-helpers.ts:90:62)
        at /Users/marcovhv/projects/GIT/caloriecounter/tests/e2e/history.spec.ts:136:5

    attachment #1: screenshot (image/png) ──────────────────────────────────────────────────────────
    test-results/history-History-Page-Funct-66256-hart-when-macro-tab-changes-Mobile-Safari/test-failed-1.png
    ────────────────────────────────────────────────────────────────────────────────────────────────

    attachment #2: video (video/webm) ──────────────────────────────────────────────────────────────
    test-results/history-History-Page-Funct-66256-hart-when-macro-tab-changes-Mobile-Safari/video.webm
    ────────────────────────────────────────────────────────────────────────────────────────────────

    Error Context: ../../test-results/history-History-Page-Funct-66256-hart-when-macro-tab-changes-Mobile-Safari/error-context.md
]]>
</failure>
<system-out>
<![CDATA[
[[ATTACHMENT|history-History-Page-Funct-66256-hart-when-macro-tab-changes-Mobile-Safari/test-failed-1.png]]

[[ATTACHMENT|history-History-Page-Funct-66256-hart-when-macro-tab-changes-Mobile-Safari/video.webm]]

[[ATTACHMENT|history-History-Page-Funct-66256-hart-when-macro-tab-changes-Mobile-Safari/error-context.md]]
]]>
</system-out>
</testcase>
<testcase name="History Page Functionality › should show loading state while data is being fetched" classname="history.spec.ts" time="22.03">
</testcase>
<testcase name="History Page Functionality › should display chart legend if present" classname="history.spec.ts" time="30.415">
<failure message="history.spec.ts:174:7 should display chart legend if present" type="FAILURE">
<![CDATA[  [Mobile Safari] › history.spec.ts:174:7 › History Page Functionality › should display chart legend if present 

    Test timeout of 30000ms exceeded.

    Error: locator.click: Test timeout of 30000ms exceeded.
    Call log:
      - waiting for locator('[data-testid="text-button"]')


       at utils/test-helpers.ts:90

      88 |
      89 |       // Click the text input button
    > 90 |       await this.page.locator('[data-testid="text-button"]').click();
         |                                                              ^
      91 |
      92 |       // Wait for the text input dialog
      93 |       await this.page.waitForSelector('[data-testid="text-input-dialog"]');
        at TestHelpers.setupMockData (/Users/marcovhv/projects/GIT/caloriecounter/tests/e2e/utils/test-helpers.ts:90:62)
        at /Users/marcovhv/projects/GIT/caloriecounter/tests/e2e/history.spec.ts:176:5

    attachment #1: screenshot (image/png) ──────────────────────────────────────────────────────────
    test-results/history-History-Page-Funct-5b305-lay-chart-legend-if-present-Mobile-Safari/test-failed-1.png
    ────────────────────────────────────────────────────────────────────────────────────────────────

    attachment #2: video (video/webm) ──────────────────────────────────────────────────────────────
    test-results/history-History-Page-Funct-5b305-lay-chart-legend-if-present-Mobile-Safari/video.webm
    ────────────────────────────────────────────────────────────────────────────────────────────────

    Error Context: ../../test-results/history-History-Page-Funct-5b305-lay-chart-legend-if-present-Mobile-Safari/error-context.md
]]>
</failure>
<system-out>
<![CDATA[
[[ATTACHMENT|history-History-Page-Funct-5b305-lay-chart-legend-if-present-Mobile-Safari/test-failed-1.png]]

[[ATTACHMENT|history-History-Page-Funct-5b305-lay-chart-legend-if-present-Mobile-Safari/video.webm]]

[[ATTACHMENT|history-History-Page-Funct-5b305-lay-chart-legend-if-present-Mobile-Safari/error-context.md]]
]]>
</system-out>
</testcase>
<testcase name="History Page Functionality › should display chart axes labels" classname="history.spec.ts" time="30.369">
<failure message="history.spec.ts:190:7 should display chart axes labels" type="FAILURE">
<![CDATA[  [Mobile Safari] › history.spec.ts:190:7 › History Page Functionality › should display chart axes labels 

    Test timeout of 30000ms exceeded.

    Error: locator.click: Test timeout of 30000ms exceeded.
    Call log:
      - waiting for locator('[data-testid="text-button"]')


       at utils/test-helpers.ts:90

      88 |
      89 |       // Click the text input button
    > 90 |       await this.page.locator('[data-testid="text-button"]').click();
         |                                                              ^
      91 |
      92 |       // Wait for the text input dialog
      93 |       await this.page.waitForSelector('[data-testid="text-input-dialog"]');
        at TestHelpers.setupMockData (/Users/marcovhv/projects/GIT/caloriecounter/tests/e2e/utils/test-helpers.ts:90:62)
        at /Users/marcovhv/projects/GIT/caloriecounter/tests/e2e/history.spec.ts:192:5

    attachment #1: screenshot (image/png) ──────────────────────────────────────────────────────────
    test-results/history-History-Page-Funct-36291-d-display-chart-axes-labels-Mobile-Safari/test-failed-1.png
    ────────────────────────────────────────────────────────────────────────────────────────────────

    attachment #2: video (video/webm) ──────────────────────────────────────────────────────────────
    test-results/history-History-Page-Funct-36291-d-display-chart-axes-labels-Mobile-Safari/video.webm
    ────────────────────────────────────────────────────────────────────────────────────────────────

    Error Context: ../../test-results/history-History-Page-Funct-36291-d-display-chart-axes-labels-Mobile-Safari/error-context.md
]]>
</failure>
<system-out>
<![CDATA[
[[ATTACHMENT|history-History-Page-Funct-36291-d-display-chart-axes-labels-Mobile-Safari/test-failed-1.png]]

[[ATTACHMENT|history-History-Page-Funct-36291-d-display-chart-axes-labels-Mobile-Safari/video.webm]]

[[ATTACHMENT|history-History-Page-Funct-36291-d-display-chart-axes-labels-Mobile-Safari/error-context.md]]
]]>
</system-out>
</testcase>
<testcase name="History Page Functionality › should handle chart interactions if available" classname="history.spec.ts" time="30.265">
<failure message="history.spec.ts:212:7 should handle chart interactions if available" type="FAILURE">
<![CDATA[  [Mobile Safari] › history.spec.ts:212:7 › History Page Functionality › should handle chart interactions if available 

    Test timeout of 30000ms exceeded.

    Error: locator.click: Test timeout of 30000ms exceeded.
    Call log:
      - waiting for locator('[data-testid="text-button"]')


       at utils/test-helpers.ts:90

      88 |
      89 |       // Click the text input button
    > 90 |       await this.page.locator('[data-testid="text-button"]').click();
         |                                                              ^
      91 |
      92 |       // Wait for the text input dialog
      93 |       await this.page.waitForSelector('[data-testid="text-input-dialog"]');
        at TestHelpers.setupMockData (/Users/marcovhv/projects/GIT/caloriecounter/tests/e2e/utils/test-helpers.ts:90:62)
        at /Users/marcovhv/projects/GIT/caloriecounter/tests/e2e/history.spec.ts:214:5

    attachment #1: screenshot (image/png) ──────────────────────────────────────────────────────────
    test-results/history-History-Page-Funct-a06be-t-interactions-if-available-Mobile-Safari/test-failed-1.png
    ────────────────────────────────────────────────────────────────────────────────────────────────

    attachment #2: video (video/webm) ──────────────────────────────────────────────────────────────
    test-results/history-History-Page-Funct-a06be-t-interactions-if-available-Mobile-Safari/video.webm
    ────────────────────────────────────────────────────────────────────────────────────────────────

    Error Context: ../../test-results/history-History-Page-Funct-a06be-t-interactions-if-available-Mobile-Safari/error-context.md
]]>
</failure>
<system-out>
<![CDATA[
[[ATTACHMENT|history-History-Page-Funct-a06be-t-interactions-if-available-Mobile-Safari/test-failed-1.png]]

[[ATTACHMENT|history-History-Page-Funct-a06be-t-interactions-if-available-Mobile-Safari/video.webm]]

[[ATTACHMENT|history-History-Page-Funct-a06be-t-interactions-if-available-Mobile-Safari/error-context.md]]
]]>
</system-out>
</testcase>
<testcase name="History Page Functionality › should navigate back to main page" classname="history.spec.ts" time="11.55">
</testcase>
<testcase name="History Page Functionality › should be responsive on mobile viewport" classname="history.spec.ts" time="10.806">
</testcase>
<testcase name="History Page Functionality › should handle data refresh when returning from other pages" classname="history.spec.ts" time="22.1">
</testcase>
</testsuite>
<testsuite name="settings.spec.ts" timestamp="2025-07-09T06:01:38.950Z" hostname="Mobile Safari" tests="13" failures="0" skipped="0" time="200.29" errors="0">
<testcase name="Settings Page Functionality › should load settings page successfully" classname="settings.spec.ts" time="11.7">
</testcase>
<testcase name="Settings Page Functionality › should display current settings values" classname="settings.spec.ts" time="11.341">
</testcase>
<testcase name="Settings Page Functionality › should update daily calorie target" classname="settings.spec.ts" time="22.274">
</testcase>
<testcase name="Settings Page Functionality › should update fat target" classname="settings.spec.ts" time="21.956">
</testcase>
<testcase name="Settings Page Functionality › should update carbs target" classname="settings.spec.ts" time="21.867">
</testcase>
<testcase name="Settings Page Functionality › should update protein target" classname="settings.spec.ts" time="21.97">
</testcase>
<testcase name="Settings Page Functionality › should change units preference from metric to imperial" classname="settings.spec.ts" time="22.384">
</testcase>
<testcase name="Settings Page Functionality › should validate input fields for positive numbers" classname="settings.spec.ts" time="11.748">
</testcase>
<testcase name="Settings Page Functionality › should validate input fields for reasonable ranges" classname="settings.spec.ts" time="11.637">
</testcase>
<testcase name="Settings Page Functionality › should handle empty input fields gracefully" classname="settings.spec.ts" time="10.754">
</testcase>
<testcase name="Settings Page Functionality › should show loading state while saving" classname="settings.spec.ts" time="10.881">
</testcase>
<testcase name="Settings Page Functionality › should export data functionality if available" classname="settings.spec.ts" time="10.992">
</testcase>
<testcase name="Settings Page Functionality › should display app version and license info if available" classname="settings.spec.ts" time="10.786">
</testcase>
</testsuite>
</testsuites>